=== graph: 8 nodes, 7 edges, 4 rules, 4 recipe lines
node app deps=[zeta.o alpha.o] recipe=1
node zeta.o deps=[zeta.c common.h] recipe=1
node alpha.o deps=[alpha.c common.h] recipe=1
node zeta.c deps=[] recipe=0
node common.h deps=[] recipe=0
node alpha.c deps=[] recipe=0
node docs deps=[README.md] recipe=1
node README.md deps=[] recipe=0
sources: zeta.c common.h alpha.c README.md
sinks: app docs
order: zeta.c common.h zeta.o alpha.c alpha.o app README.md docs
=== graph: 4 nodes, 3 edges, 3 rules, 0 recipe lines
node top deps=[mid] recipe=0
node mid deps=[bot] recipe=0
node bot deps=[leaf] recipe=0
node leaf deps=[] recipe=0
sources: leaf
sinks: top
order: leaf bot mid top
=== graph: 4 nodes, 2 edges, 3 rules, 0 recipe lines
node top deps=[mid] recipe=0
node mid deps=[] recipe=0
node bot deps=[leaf] recipe=0
node leaf deps=[] recipe=0
sources: mid leaf
sinks: top bot
order: mid top leaf bot
=== cycle cyc3
dependency cycle: a -> c -> b -> a
=== cycle self
dependency cycle: a -> a
=== cycle behind
dependency cycle: lib -> core -> lib
=== err NoColon
line 1: not a rule and not a recipe -- no ':' in [app zeta]
=== err EmptyTarget
line 1: a rule with no target -- nothing before the ':'
=== err MultiTarget
line 1: [a b] declares more than one target -- one target per rule
=== err DupTarget
line 2: target 'app' is declared again (first at line 1)
=== err OrphanRecipe
line 1: an indented recipe line before any rule
=== err ColonInDep
line 1: dependency 'b:c' contains a ':'
=== err Continuation
line 1: a trailing backslash -- line continuations are not supported
=== err Cycle
dependency cycle: a -> b -> a
=== build cold
src zeta.c new
src common.h new
run zeta.o (missing)
src alpha.c new
run alpha.o (missing)
run app (missing)
| linking app
src README.md new
run docs (missing)
group all
targets 4: 4 run, 0 up to date
sources 4: 4 new, 0 changed, 0 touched, 0 unchanged
=== build race
src base new
run w1 (missing)
run w2 (missing)
run w3 (missing)
run c1 (missing)
run c2 (missing)
run c3 (missing)
group all
targets 6: 6 run, 0 up to date
sources 1: 1 new, 0 changed, 0 touched, 0 unchanged
=== build noop
src zeta.c unchanged
src common.h unchanged
skip zeta.o (up to date)
src alpha.c unchanged
skip alpha.o (up to date)
skip app (up to date)
src README.md unchanged
skip docs (up to date)
group all
targets 4: 0 run, 4 up to date
sources 4: 0 new, 0 changed, 0 touched, 4 unchanged
nothing to do
=== build one-input
src zeta.c unchanged
src common.h unchanged
skip zeta.o (up to date)
src alpha.c changed
run alpha.o (alpha.c changed)
run app (alpha.o changed)
| linking app
src README.md unchanged
skip docs (up to date)
group all
targets 4: 2 run, 2 up to date
sources 4: 0 new, 1 changed, 0 touched, 3 unchanged
=== build mtime-only
src zeta.c unchanged
src common.h touched (content identical)
skip zeta.o (up to date)
src alpha.c unchanged
skip alpha.o (up to date)
skip app (up to date)
src README.md unchanged
skip docs (up to date)
group all
targets 4: 0 run, 4 up to date
sources 4: 0 new, 0 changed, 1 touched, 3 unchanged
nothing to do
=== build threads
src zeta.c new
src common.h new
run zeta.o (missing)
src alpha.c new
run alpha.o (missing)
run app (missing)
| linking app
src README.md new
run docs (missing)
group all
targets 4: 4 run, 0 up to date
sources 4: 4 new, 0 changed, 0 touched, 0 unchanged
src zeta.c unchanged
src common.h unchanged
skip zeta.o (up to date)
src alpha.c unchanged
skip alpha.o (up to date)
skip app (up to date)
src README.md unchanged
skip docs (up to date)
group all
targets 4: 0 run, 4 up to date
sources 4: 0 new, 0 changed, 0 touched, 4 unchanged
nothing to do
src zeta.c unchanged
src common.h unchanged
skip zeta.o (up to date)
src alpha.c changed
run alpha.o (alpha.c changed)
run app (alpha.o changed)
| linking app
src README.md unchanged
skip docs (up to date)
group all
targets 4: 2 run, 2 up to date
sources 4: 0 new, 1 changed, 0 touched, 3 unchanged
=== berr MissingSource
no rule to make 'nosuch.c' and no such file
=== berr RecipeFailed
recipe for 'x' failed with exit 1: false
=== berr NoOutput
recipe for 'x' succeeded but did not create it: true
=== berr Unreadable
cannot read 'd' to hash it
=== berr StampBroken
stamp line 1 is not <name> <mtime> <hash>: [garbage]
=== berr StampBroken mtime=17x
stamp line 1 is not <name> <mtime> <hash>: [x	17x	0000000000000000000000000000000000000000000000000000000000000000]
=== berr StampBroken mtime=abc
stamp line 1 is not <name> <mtime> <hash>: [x	abc	0000000000000000000000000000000000000000000000000000000000000000]
=== berr StampBroken mtime=-3
stamp line 1 is not <name> <mtime> <hash>: [x	-3	0000000000000000000000000000000000000000000000000000000000000000]
