=== dis fib
.const "fib:"

    LOADK 0             #    0  "fib:"
    PRINT               #    1
    PUSH 0              #    2
    STORE 0             #    3
    LOAD 0              #    4
    PUSH 12             #    5
    LT                  #    6
    JZ 16               #    7
    LOAD 0              #    8
    CALL 17 1           #    9
    PRINT               #   10
    LOAD 0              #   11
    PUSH 1              #   12
    ADD                 #   13
    STORE 0             #   14
    JMP 4               #   15
    HALT                #   16
    LOAD 0              #   17
    PUSH 2              #   18
    LT                  #   19
    JZ 23               #   20
    LOAD 0              #   21
    RET                 #   22
    LOAD 0              #   23
    PUSH 1              #   24
    SUB                 #   25
    CALL 17 1           #   26
    LOAD 0              #   27
    PUSH 2              #   28
    SUB                 #   29
    CALL 17 1           #   30
    ADD                 #   31
    RET                 #   32
=== dis gcd
.const "gcd:"

    LOADK 0             #    0  "gcd:"
    PRINT               #    1
    PUSH 48             #    2
    PUSH 18             #    3
    CALL 19 2           #    4
    PRINT               #    5
    PUSH 1071           #    6
    PUSH 462            #    7
    CALL 19 2           #    8
    PRINT               #    9
    PUSH 17             #   10
    PUSH 5              #   11
    CALL 19 2           #   12
    PRINT               #   13
    PUSH 270            #   14
    PUSH 192            #   15
    CALL 19 2           #   16
    PRINT               #   17
    HALT                #   18
    LOAD 1              #   19
    JZ 27               #   20
    LOAD 1              #   21
    LOAD 0              #   22
    LOAD 1              #   23
    MOD                 #   24
    CALL 19 2           #   25
    RET                 #   26
    LOAD 0              #   27
    RET                 #   28
=== dis sort
.const "sorted:"

    PUSH 5              #    0
    STORE 0             #    1
    PUSH 3              #    2
    STORE 1             #    3
    PUSH 9              #    4
    STORE 2             #    5
    PUSH 1              #    6
    STORE 3             #    7
    PUSH 7              #    8
    STORE 4             #    9
    PUSH 0              #   10
    STORE 5             #   11
    LOAD 0              #   12
    LOAD 1              #   13
    LE                  #   14
    JNZ 22              #   15
    LOAD 0              #   16
    LOAD 1              #   17
    STORE 0             #   18
    STORE 1             #   19
    PUSH 1              #   20
    STORE 5             #   21
    LOAD 1              #   22
    LOAD 2              #   23
    LE                  #   24
    JNZ 32              #   25
    LOAD 1              #   26
    LOAD 2              #   27
    STORE 1             #   28
    STORE 2             #   29
    PUSH 1              #   30
    STORE 5             #   31
    LOAD 2              #   32
    LOAD 3              #   33
    LE                  #   34
    JNZ 42              #   35
    LOAD 2              #   36
    LOAD 3              #   37
    STORE 2             #   38
    STORE 3             #   39
    PUSH 1              #   40
    STORE 5             #   41
    LOAD 3              #   42
    LOAD 4              #   43
    LE                  #   44
    JNZ 52              #   45
    LOAD 3              #   46
    LOAD 4              #   47
    STORE 3             #   48
    STORE 4             #   49
    PUSH 1              #   50
    STORE 5             #   51
    LOAD 5              #   52
    JNZ 10              #   53
    LOADK 0             #   54  "sorted:"
    PRINT               #   55
    LOAD 0              #   56
    PRINT               #   57
    LOAD 1              #   58
    PRINT               #   59
    LOAD 2              #   60
    PRINT               #   61
    LOAD 3              #   62
    PRINT               #   63
    LOAD 4              #   64
    PRINT               #   65
    HALT                #   66
=== run fib
fib:
0
1
1
2
3
5
8
13
21
34
55
89
=== run gcd
gcd:
6
21
1
6
=== run sort
sorted:
1
3
5
7
9
=== trace fib (first 20 lines)
    0  LOADK 0          [ "fib:" ]
fib:
    1  PRINT            [ ]
    2  PUSH 0           [ 0 ]
    3  STORE 0          [ ]
    4  LOAD 0           [ 0 ]
    5  PUSH 12          [ 0 12 ]
    6  LT               [ 1 ]
    7  JZ 16            [ ]
    8  LOAD 0           [ 0 ]
    9  CALL 17 1        [ ]
   17  LOAD 0           [ 0 ]
   18  PUSH 2           [ 0 2 ]
   19  LT               [ 1 ]
   20  JZ 23            [ ]
   21  LOAD 0           [ 0 ]
   22  RET              [ 0 ]
0
   10  PRINT            [ ]
   11  LOAD 0           [ 0 ]
=== trace lines
fib 7518
gcd 144
sort 139
