=== demo: 8 ticks over a soa pool, despawn by swap-remove
tick 0 live=5 slots=5 free=0 despawned=0 hp=195 sum=4012
tick 1 live=9 slots=10 free=1 despawned=1 hp=336 sum=6675
tick 2 live=14 slots=14 free=0 despawned=0 hp=438 sum=9760
tick 3 live=18 slots=19 free=1 despawned=1 hp=584 sum=11286
tick 4 live=23 slots=23 free=0 despawned=0 hp=655 sum=14774
tick 5 live=24 slots=28 free=4 despawned=4 hp=725 sum=16211
tick 6 live=28 slots=29 free=1 despawned=1 hp=819 sum=18349
tick 7 live=30 slots=33 free=3 despawned=3 hp=888 sum=19550
  gone 0#0: id 0#0 is stale (slot 0 is at generation 1)
  live 1#0 hp=59 at 45,78
  gone 2#0: id 2#0 is stale (slot 2 is at generation 1)
  live 3#0 hp=3 at 95,44
  live 4#0 hp=2 at 42,83
  live 5#0 hp=45 at 55,12
  gone 6#0: id 6#0 is stale (slot 6 is at generation 1)
  live 7#0 hp=38 at 41,90
  gone 8#0: id 8#0 is stale (slot 8 is at generation 1)
  live 9#0 hp=25 at 15,88
  gone 0#1: id 0#1 names a despawned entity
  live 10#0 hp=7 at 11,32
  live 11#0 hp=24 at 58,83
  live 12#0 hp=8 at 53,2
  gone 13#0: id 13#0 is stale (slot 13 is at generation 1)
  live 14#0 hp=47 at 9,2
  live 15#0 hp=25 at 60,45
  live 16#0 hp=12 at 83,0
  gone 17#0: id 17#0 names a despawned entity
  live 18#0 hp=35 at 21,78
  live 13#1 hp=26 at 76,69
  live 19#0 hp=28 at 91,60
  gone 20#0: id 20#0 is stale (slot 20 is at generation 1)
  live 21#0 hp=32 at 61,26
  live 22#0 hp=4 at 4,5
  live 23#0 hp=30 at 79,80
  live 24#0 hp=32 at 70,39
  live 25#0 hp=47 at 61,26
  live 26#0 hp=16 at 12,89
  live 27#0 hp=49 at 59,88
  live 20#1 hp=24 at 50,63
  live 8#1 hp=47 at 13,14
  live 6#1 hp=26 at 24,25
  live 2#1 hp=46 at 63,56
  gone 28#0: id 28#0 is stale (slot 28 is at generation 1)
  live 28#1 hp=53 at 35,32
  gone 29#0: id 29#0 names a despawned entity
  live 30#0 hp=39 at 65,18
  live 31#0 hp=26 at 24,29
  live 32#0 hp=33 at 3,72
demo: handed out 40 ids, 30 resolve, live=30
=== sweep 24: spawn all, despawn the odd ones
live=12
  hp 1
  hp 15
  hp 29
  hp 43
  hp 57
  hp 71
  hp 85
  hp 99
  hp 113
  hp 127
  hp 141
  hp 155
sweep: hp total 936
=== stale: an id must not survive its slot being handed on
spawned 0#0
despawned, live=0
freed: id 0#0 names a despawned entity
respawned 0#1 into slot 0
stale: id 0#0 is stale (slot 0 is at generation 1)
fresh 0#1 hp=44
=== sim: 24 ticks, order spawn,move,combat,decay,reap
sim seed: spawned=8 live=8
tick 0 spawned=3 moved=10 hits=0 decayed=11 reaped=0 live=11 hp=225 sum=1165
tick 1 spawned=3 moved=12 hits=1 decayed=14 reaped=0 live=14 hp=276 sum=1521
tick 2 spawned=3 moved=15 hits=1 decayed=17 reaped=0 live=17 hp=336 sum=1790
tick 3 spawned=3 moved=18 hits=7 decayed=20 reaped=0 live=20 hp=338 sum=1950
tick 4 spawned=3 moved=20 hits=1 decayed=23 reaped=0 live=23 hp=387 sum=2084
tick 5 spawned=3 moved=23 hits=8 decayed=26 reaped=1 live=25 hp=356 sum=1957
tick 6 spawned=3 moved=25 hits=6 decayed=28 reaped=5 live=23 hp=340 sum=1770
tick 7 spawned=3 moved=23 hits=8 decayed=26 reaped=3 live=23 hp=332 sum=1847
tick 8 spawned=3 moved=23 hits=9 decayed=26 reaped=3 live=23 hp=300 sum=1855
tick 9 spawned=3 moved=23 hits=7 decayed=26 reaped=1 live=25 hp=268 sum=1818
tick 10 spawned=3 moved=25 hits=4 decayed=28 reaped=2 live=26 hp=262 sum=1703
tick 11 spawned=3 moved=26 hits=11 decayed=29 reaped=8 live=21 hp=234 sum=1543
tick 12 spawned=3 moved=22 hits=1 decayed=24 reaped=3 live=21 hp=241 sum=1517
tick 13 spawned=3 moved=22 hits=5 decayed=24 reaped=3 live=21 hp=265 sum=1518
tick 14 spawned=3 moved=22 hits=4 decayed=24 reaped=0 live=24 hp=298 sum=1897
tick 15 spawned=3 moved=24 hits=11 decayed=27 reaped=6 live=21 hp=297 sum=1728
tick 16 spawned=3 moved=21 hits=8 decayed=24 reaped=5 live=19 hp=287 sum=1601
tick 17 spawned=3 moved=19 hits=9 decayed=22 reaped=3 live=19 hp=280 sum=1695
tick 18 spawned=3 moved=19 hits=3 decayed=22 reaped=0 live=22 hp=305 sum=1670
tick 19 spawned=3 moved=22 hits=5 decayed=25 reaped=4 live=21 hp=314 sum=1697
tick 20 spawned=3 moved=21 hits=4 decayed=24 reaped=2 live=22 hp=329 sum=1790
tick 21 spawned=3 moved=22 hits=8 decayed=25 reaped=3 live=22 hp=321 sum=1692
tick 22 spawned=3 moved=22 hits=9 decayed=25 reaped=2 live=23 hp=301 sum=1745
tick 23 spawned=3 moved=23 hits=6 decayed=26 reaped=2 live=24 hp=299 sum=1779
sim: spawned=80 reaped=56 live=24 moved=502 hits=136 decayed=566 hp=299 sum=1779
=== err BadSlot (via the world API)
no slot 99 (world has 0)
=== err Dead (via the world API)
id 0#0 names a despawned entity
=== err Stale (via the world API)
id 0#0 is stale (slot 0 is at generation 1)
