=== start d5
a2a3 181046
a2a4 217832
b2b3 215255
b2b4 216145
c2c3 222861
c2c4 240082
d2d3 328511
d2d4 361790
e2e3 402988
e2e4 405385
f2f3 178889
f2f4 198473
g2g3 217210
g2g4 214048
h2h3 181044
h2h4 218829
b1a3 198572
b1c3 234656
g1f3 233491
g1h3 198502
total 4865609
=== kiwipete d4
a2a3 94405
a2a4 90978
b2b3 81066
g2g3 77468
g2g4 75677
g2h3 82759
d5d6 79551
d5e6 97464
c3b1 84773
c3d1 84782
c3a4 91447
c3b5 81498
e5d3 77431
e5c4 77752
e5g4 79912
e5c6 83885
e5g6 83866
e5d7 93913
e5f7 88799
d2e3 90274
d2f4 84869
d2g5 87951
d2h6 82323
d2c1 83037
e2f1 88728
e2d3 85119
e2c4 84835
e2b5 79739
e2a6 69334
e2d1 74963
a1b1 83348
a1c1 83263
a1d1 79695
h1g1 84876
h1f1 81563
f3g3 94461
f3h3 98524
f3e3 92505
f3d3 83727
f3f4 90488
f3f5 104992
f3f6 77838
f3g4 92037
f3h5 95034
e1d1 79989
e1f1 77887
e1g1 86975
e1c1 79803
total 4085603
=== pos3 d6
e2e3 745505
e2e4 597519
g2g3 271220
g2g4 892781
b4c4 1027199
b4d4 957108
b4e4 860971
b4f4 174919
b4a4 745667
b4b3 941129
b4b2 818501
b4b1 1160678
a5a4 868162
a5a6 968724
total 11030083
=== castling d3
a1b1 583
a1c1 560
a1d1 489
a1a2 632
a1a3 611
a1a4 586
a1a5 560
a1a6 533
a1a7 418
a1a8 87
h1g1 560
h1f1 489
h1h2 656
h1h3 634
h1h4 608
h1h5 581
h1h6 553
h1h7 434
h1h8 90
e1d1 492
e1f1 492
e1d2 705
e1e2 752
e1f2 705
e1g1 470
e1c1 464
total 13744
=== ep d3
a2a3 810
a2a4 866
b2b3 863
b2b4 837
c2c3 867
c2c4 807
d2d3 897
d2d4 1103
f2f3 698
f2f4 868
g2g3 867
g2g4 806
h2h3 806
h2h4 866
b1a3 834
b1c3 895
g1e2 633
g1f3 779
g1h3 807
f1e2 777
f1d3 808
f1c4 951
f1b5 850
f1a6 849
d1e2 806
d1f3 1093
d1g4 1120
d1h5 999
e1e2 663
total 24825
=== promo d3
c1b1 78
c1d1 77
c1b2 118
c1c2 118
c1d2 115
total 506
