a.bind=1453
a.closed=5
a.default=3
a.nested=90
a.pat.bool=3
a.pat.char=5
a.pat.int=47
a.pat.name=6
a.qual=63
a.range=7
a.recv=12
a.scalar=55
a.subbind=31
a.variant=1719
d.Param=4886
d.const=292
d.deprecated=3
d.enum=104
d.extern=193
d.field=951
d.fn=2973
d.generic=199
d.handle=2
d.import=326
d.inout=485
d.newtype=38
d.package=195
d.sink=10
d.struct=362
d.subscript=8
d.variadic=7
d.variant=393
d.where=46
e.Addr=1453
e.ArrLit=746
e.Binop:!==560
e.Binop:%=229
e.Binop:&=139
e.Binop:*=592
e.Binop:+=11274
e.Binop:-=1136
e.Binop:/=267
e.Binop:<<=68
e.Binop:<=2008
e.Binop:<==229
e.Binop:===2635
e.Binop:>=584
e.Binop:>==541
e.Binop:>>=35
e.Binop:^=39
e.Binop:and=832
e.Binop:in=103
e.Binop:or=736
e.Binop:|=56
e.BoolLit=1019
e.Call=24265
e.CallQual=3773
e.CallTypeArgs=82
e.CallVal=30
e.ChanE=57
e.CharLit=92
e.EmptyArr=771
e.EmptyMap=173
e.ErrE=438
e.FStrLit=251
e.Field=4094
e.FloatLit=906
e.Index=4435
e.IntLit=17430
e.IsVar=45
e.Lambda=81
e.MapLit=43
e.Name=39511
e.Named=9
e.NoneE=90
e.NullLit=41
e.OkE=398
e.OrRet=322
e.Slice=214
e.SoaLit=11
e.SomeE=105
e.SpawnE=58
e.Spread=5
e.StrLit=10967
e.TupIdx=73
e.Tuple=201
e.Unop:-=548
e.Unop:not=285
e.Unop:~=27
s.Assign=4250
s.BreakS=91
s.ConstS=5
s.ContinueS=98
s.Decl=8149
s.DeclCtrl=25
s.DeclTyped=261
s.DeleteS=31
s.Else=829
s.ExprStmt=6600
s.For3=1044
s.ForIn=171
s.ForRange=8
s.IfS=4034
s.MAssign=8
s.MDecl=109
s.MatchS=652
s.ParallelS=13
s.PassS=27
s.PlaceSet=984
s.ReturnS=4732
s.SelectS=11
s.WhileS=539
t.TArr=1049
t.TBnd=55
t.TFix=390
t.TFn=93
t.TMap=122
t.TName=3038
t.TParam=772
t.TPrim=7621
t.TSoa=13
t.TTup=77
t.TVec=36
