armdiscard=24
armpattern.deferred=4
armpattern:Io=3
armpattern:Nope=2
armpattern:NotFound=1
armpattern:Plain=1
armpattern:Worse=2
armvariant.deferred=380
armvariant:Accept=1
armvariant:Add=6
armvariant:And=1
armvariant:AtEnd=1
armvariant:AtStart=1
armvariant:Bad=36
armvariant:BadByte=2
armvariant:BadChar=4
armvariant:BadCol=1
armvariant:BadEscape=2
armvariant:BadFloat=2
armvariant:BadKey=2
armvariant:BadKeyword=2
armvariant:BadLine=1
armvariant:BadLog=1
armvariant:BadName=8
armvariant:BadNumber=6
armvariant:BadRef=8
armvariant:BadSlot=1
armvariant:BadUnicode=2
armvariant:BadUtf8=2
armvariant:Bin=5
armvariant:Blue=3
armvariant:Bool=36
armvariant:Branch=2
armvariant:Cancelled=1
armvariant:Checkpoint=1
armvariant:Circle=5
armvariant:Cmp=1
armvariant:Col=1
armvariant:ColCount=1
armvariant:ColonInDep=1
armvariant:Connect=1
armvariant:Const=3
armvariant:Continuation=1
armvariant:ControlByte=2
armvariant:Corrupt=1
armvariant:Create=1
armvariant:Cycle=9
armvariant:Dead=1
armvariant:Del=6
armvariant:DivZero=8
armvariant:Dot=3
armvariant:Dropped=1
armvariant:DupTarget=1
armvariant:DuplicateIndex=1
armvariant:EBin=4
armvariant:ECall=1
armvariant:ECol=5
armvariant:ELit=3
armvariant:ENeg=1
armvariant:ENum=1
armvariant:EUn=3
armvariant:EVar=1
armvariant:Eight=1
armvariant:Empty=47
armvariant:EmptyTarget=1
armvariant:Err=766
armvariant:Expected=4
armvariant:Explain=1
armvariant:Failed=1
armvariant:Go=1
armvariant:Green=3
armvariant:Halt=1
armvariant:Has=12
armvariant:Hit=1
armvariant:HugeRef=4
armvariant:IExpr=5
armvariant:IStar=5
armvariant:If=5
armvariant:IndexEq=1
armvariant:Ins=6
armvariant:Insert=1
armvariant:JArr=17
armvariant:JBool=17
armvariant:JFloat=9
armvariant:JNull=16
armvariant:JNum=20
armvariant:JObj=16
armvariant:JStr=17
armvariant:Join=4
armvariant:Keep=5
armvariant:LParen=1
armvariant:LeadingZero=2
armvariant:Leaf=20
armvariant:Lex=1
armvariant:Listen=1
armvariant:Lit=5
armvariant:LitInt=1
armvariant:LitStr=1
armvariant:LoneSurrogate=2
armvariant:LostPrefix=1
armvariant:Miss=1
armvariant:MissingColon=2
armvariant:MissingSep=2
armvariant:MissingSource=1
armvariant:Mul=6
armvariant:MultiTarget=1
armvariant:Neg=1
armvariant:NoColon=1
armvariant:NoColumn=1
armvariant:NoIndex=1
armvariant:NoInput=4
armvariant:NoOutput=1
armvariant:NoProgress=2
armvariant:NoRows=1
armvariant:NoTable=1
armvariant:NoText=8
armvariant:Node=12
armvariant:Non=3
armvariant:None8=1
armvariant:None=189
armvariant:Nope=4
armvariant:NotAPredicate=1
armvariant:NotAValue=1
armvariant:NotEven=1
armvariant:NotNum=8
armvariant:NotSelect=1
armvariant:NotUtf8=1
armvariant:NotWritten=2
armvariant:Nothing=4
armvariant:NothingToRedo=1
armvariant:NothingToUndo=1
armvariant:Num=43
armvariant:NumberRange=2
armvariant:Nums=3
armvariant:Ok=700
armvariant:Op=1
armvariant:OrphanRecipe=1
armvariant:Pair=6
armvariant:Parse=1
armvariant:Peer=1
armvariant:Plan=1
armvariant:RCreate=2
armvariant:RInsert=2
armvariant:RParen=1
armvariant:RecipeFailed=1
armvariant:Rect=3
armvariant:Red=4
armvariant:Scan=1
armvariant:Select=1
armvariant:Sized=4
armvariant:Some=200
armvariant:Split=4
armvariant:Stale=1
armvariant:StampBroken=1
armvariant:Stop=1
armvariant:Storage=2
armvariant:Sub=5
armvariant:TArr=1
armvariant:TIdent=3
armvariant:TName=2
armvariant:TNum=3
armvariant:TOp=2
armvariant:TPunct=1
armvariant:TStr=1
armvariant:TTable=7
armvariant:TableExists=1
armvariant:Text=36
armvariant:TooDeep=6
armvariant:TooLong=1
armvariant:Trailing=4
armvariant:TrailingComma=2
armvariant:TrailingText=2
armvariant:Truncated=3
armvariant:TypeClash=1
armvariant:Unclosed=4
armvariant:Uncomparable=1
armvariant:Unreadable=1
armvariant:V0=1
armvariant:V10=1
armvariant:V11=1
armvariant:V12=1
armvariant:V13=1
armvariant:V14=1
armvariant:V15=1
armvariant:V1=1
armvariant:V2=1
armvariant:V3=1
armvariant:V4=1
armvariant:V5=1
armvariant:V6=1
armvariant:V7=1
armvariant:V8=1
armvariant:V9=1
armvariant:VBool=20
armvariant:VClo=4
armvariant:VDec=4
armvariant:VInt=51
armvariant:VNil=16
armvariant:VNull=3
armvariant:VPair=44
armvariant:VPrim=4
armvariant:VStr=18
armvariant:VSym=60
armvariant:VText=6
armvariant:Var=5
armvariant:W=3
armvariant:Wal=1
armvariant:Word=1
armvariant:WorkLost=1
armvariant:Worse=1
armvariant:Yep=1
armvariant:buf__AtEnd=1
armvariant:buf__AtStart=1
armvariant:buf__BadCol=1
armvariant:buf__BadLine=1
armvariant:buf__Del=4
armvariant:buf__Ins=4
armvariant:buf__Join=4
armvariant:buf__NotUtf8=1
armvariant:buf__NothingToRedo=1
armvariant:buf__NothingToUndo=1
armvariant:buf__Split=4
armvariant:build__MissingSource=1
armvariant:build__NoOutput=1
armvariant:build__RecipeFailed=1
armvariant:build__StampBroken=1
armvariant:build__Unreadable=1
armvariant:build__WorkLost=1
armvariant:cell__Bad=18
armvariant:cell__BadChar=2
armvariant:cell__BadName=4
armvariant:cell__BadNumber=2
armvariant:cell__BadRef=4
armvariant:cell__Bool=18
armvariant:cell__Cycle=4
armvariant:cell__DivZero=4
armvariant:cell__Empty=18
armvariant:cell__Expected=2
armvariant:cell__HugeRef=2
armvariant:cell__NoInput=2
armvariant:cell__NoText=4
armvariant:cell__NotNum=4
armvariant:cell__Num=18
armvariant:cell__Text=18
armvariant:cell__TooDeep=2
armvariant:cell__Trailing=2
armvariant:cell__Unclosed=2
armvariant:decimal__BadMode=1
armvariant:decimal__BadScale=1
armvariant:decimal__DivByZero=1
armvariant:diff__Del=2
armvariant:diff__Ins=2
armvariant:diff__Keep=2
armvariant:exec__Created=4
armvariant:exec__Explained=3
armvariant:exec__Inserted=4
armvariant:exec__NoColumn=2
armvariant:exec__NotAPredicate=2
armvariant:exec__NotAValue=2
armvariant:exec__Plan=2
armvariant:exec__Selected=3
armvariant:exec__Storage=2
armvariant:exec__Uncomparable=2
armvariant:exec__Wal=2
armvariant:graph__ColonInDep=2
armvariant:graph__Continuation=2
armvariant:graph__Cycle=2
armvariant:graph__DupTarget=2
armvariant:graph__EmptyTarget=2
armvariant:graph__MultiTarget=2
armvariant:graph__NoColon=2
armvariant:graph__OrphanRecipe=2
armvariant:image__BadDims=2
armvariant:image__Corrupt=2
armvariant:image__Empty=2
armvariant:image__Failed=2
armvariant:image__NotPng=2
armvariant:image__ShortPixels=2
armvariant:image__TooBig=2
armvariant:io__BadPath=1
armvariant:io__Exists=1
armvariant:io__Failed=1
armvariant:io__IsDir=1
armvariant:io__NotFound=1
armvariant:io__Unsupported=1
armvariant:json__BadByte=12
armvariant:json__BadEscape=12
armvariant:json__BadFloat=13
armvariant:json__BadKey=12
armvariant:json__BadKeyword=12
armvariant:json__BadNumber=12
armvariant:json__BadUnicode=12
armvariant:json__BadUtf8=12
armvariant:json__ControlByte=12
armvariant:json__JArr=36
armvariant:json__JBool=42
armvariant:json__JFloat=54
armvariant:json__JNull=36
armvariant:json__JNum=54
armvariant:json__JObj=36
armvariant:json__JStr=42
armvariant:json__LeadingZero=12
armvariant:json__LoneSurrogate=12
armvariant:json__MissingColon=12
armvariant:json__MissingSep=12
armvariant:json__NoProgress=12
armvariant:json__NumberRange=12
armvariant:json__TooDeep=12
armvariant:json__TrailingComma=12
armvariant:json__TrailingText=12
armvariant:json__Truncated=12
armvariant:plan__Const=9
armvariant:plan__IndexEq=6
armvariant:plan__Keep=9
armvariant:plan__NoRows=6
armvariant:plan__NotSelect=3
armvariant:plan__Scan=6
armvariant:sql__And=15
armvariant:sql__Cmp=15
armvariant:sql__Col=15
armvariant:sql__Create=7
armvariant:sql__Explain=7
armvariant:sql__Insert=7
armvariant:sql__Lex=4
armvariant:sql__LitInt=19
armvariant:sql__LitStr=19
armvariant:sql__Parse=4
armvariant:sql__Select=14
armvariant:sql__TIdent=12
armvariant:sql__TNum=4
armvariant:sql__TPunct=4
armvariant:sql__TStr=4
armvariant:srv__Accept=1
armvariant:srv__Checkpoint=1
armvariant:srv__Connect=1
armvariant:srv__Listen=1
armvariant:srv__Peer=1
armvariant:srv__TooLong=1
armvariant:stage__Cancelled=2
armvariant:stage__Dropped=2
armvariant:stage__DuplicateIndex=2
armvariant:stage__Failed=2
armvariant:stage__Truncated=2
armvariant:store__ColCount=4
armvariant:store__Corrupt=4
armvariant:store__NoIndex=4
armvariant:store__NoTable=4
armvariant:store__NotWritten=4
armvariant:store__TableExists=4
armvariant:store__TypeClash=4
armvariant:store__VInt=24
armvariant:store__VText=24
armvariant:toml__TArr=3
armvariant:toml__TStr=2
armvariant:toml__TTable=14
armvariant:wal__BadLog=3
armvariant:wal__LostPrefix=3
armvariant:wal__NotWritten=3
armvariant:wal__RCreate=6
armvariant:wal__RInsert=6
armvariant:wal__Storage=3
armvariant:world__BadSlot=2
armvariant:world__Dead=2
armvariant:world__Stale=2
builtin:args=53
builtin:char_at=17
builtin:chr=559
builtin:clock=66
builtin:close=47
builtin:die=302
builtin:eprint=40
builtin:exit=56
builtin:fabs=4
builtin:find=287
builtin:floor=6
builtin:from_bytes=41
builtin:getenv=6
builtin:hash=14
builtin:input=2
builtin:is_null=111
builtin:keys=42
builtin:len=8303
builtin:list_dir=82
builtin:ncpu=6
builtin:now=29
builtin:pop=67
builtin:print=299
builtin:println=3426
builtin:push=3067
builtin:read_all=3
builtin:read_file=94
builtin:recv=37
builtin:reserve=19
builtin:send=68
builtin:size_of=106
builtin:split=148
builtin:sqrt=9
builtin:str=3485
builtin:substr=1040
builtin:to_bool=2
builtin:to_bytes=529
builtin:to_char=6
builtin:to_f32=15
builtin:to_float=110
builtin:to_i16=4
builtin:to_i32=29
builtin:to_i64=4
builtin:to_i8=15
builtin:to_int=314
builtin:to_ptr=4
builtin:to_str=348
builtin:to_u16=81
builtin:to_u32=255
builtin:to_u64=13
builtin:to_u8=50
builtin:to_under=15
builtin:wait=54
builtin:write_file=89
builtin:zero=6
call:Account=2
call:Active=2
call:Add=10
call:And=1
call:Asset=4
call:Ast=4
call:B=1
call:BD=4
call:Bad=93
call:BadByte=1
call:BadChar=4
call:BadCol=4
call:BadEscape=1
call:BadFloat=1
call:BadKey=1
call:BadKeyword=1
call:BadLine=5
call:BadLog=3
call:BadMode=1
call:BadName=16
call:BadNumber=5
call:BadRef=8
call:BadScale=1
call:BadSlot=1
call:BadUnicode=1
call:BadUtf8=1
call:Bag=6
call:Big=10
call:Bin=2
call:Bind=26
call:BmpHeader=1
call:Board=3
call:Body=2
call:Bool=36
call:Bound=1
call:Box16=1
call:Box=56
call:Branch=2
call:Buf=1
call:COLS=12
call:Cache=1
call:CallPatch=2
call:Cancelled=1
call:Cell=5
call:Central=1
call:Cents=3
call:Cfg=1
call:Checkpoint=1
call:Circle=6
call:Clause=1
call:Cli=1
call:Cmd=1
call:Cmp=1
call:Col=2
call:ColCount=1
call:ColDef=1
call:ColonInDep=1
call:Config=2
call:Conn=1
call:Connect=1
call:Const=3
call:ConstIdx=1
call:ConstLen=3
call:Continuation=1
call:ControlByte=1
call:Corrupt=5
call:Count=13
call:Counts=3
call:Create=1
call:Created=1
call:Ctx=3
call:Cursor=18
call:Cycle=1
call:DateTime=4
call:Db=3
call:Dead=1
call:Decimal=10
call:Del=3
call:Doc=2
call:Done=1
call:Dropped=1
call:DupTarget=1
call:DuplicateIndex=1
call:E=5
call:EBin=7
call:ECall=1
call:ECol=1
call:ELit=6
call:ENeg=1
call:ENum=1
call:EUn=2
call:EVAL_DEPTH=8
call:EVar=1
call:Edge=9
call:Edit=1
call:Eight=1
call:Emit=4
call:Empty=1
call:EmptyTarget=1
call:Ent=2
call:Entry=1
call:Env=9
call:Eocd=1
call:EqKey=2
call:Expected=24
call:Explain=1
call:Explained=2
call:FA=3
call:Failed=1
call:Flags=2
call:FnCode=6
call:FnInfo=10
call:Frame=6
call:FromSized=1
call:GBox=1
call:Game=2
call:Go=1
call:Graph=5
call:Grid=4
call:Handle=4
call:Has=19
call:Hit=2
call:Holder=4
call:HugeRef=8
call:Hunk=1
call:IExpr=2
call:Id=27
call:Ids=2
call:IdxEnt=2
call:If=2
call:Image=6
call:Index=1
call:IndexEq=1
call:Ins=19
call:InsWire=3
call:Insert=1
call:Inserted=1
call:Item=9
call:JArr=12
call:JBool=8
call:JFloat=1
call:JNum=5
call:JObj=15
call:JStr=5
call:Job=12
call:Join=2
call:K=4
call:K_BIN=20
call:K_BOOL=8
call:K_CALL=8
call:K_NUM=8
call:K_RANGE=16
call:K_REF=12
call:K_TEXT=8
call:K_UN=8
call:Keep=6
call:LL=3
call:Label=1
call:LeadingZero=1
call:Leaf=39
call:Lex=3
call:Line=1
call:Listen=2
call:Lit=5
call:LitInt=1
call:LitStr=1
call:Local=1
call:Log=1
call:Logger=1
call:LoneSurrogate=1
call:Loose=2
call:LostPrefix=1
call:MAX_CELLS=8
call:MAX_DEPTH=24
call:MP=5
call:Manifest=2
call:Member=1
call:Meta=36
call:Meters=21
call:MissingColon=1
call:MissingSep=1
call:MissingSource=1
call:Move=1
call:Mul=6
call:MultiTarget=1
call:Name=3
call:Named=3
call:Neg=1
call:NoColon=1
call:NoColumn=2
call:NoIndex=2
call:NoOutput=1
call:NoProgress=1
call:NoTable=1
call:NoValue=1
call:Node=43
call:Non=1
call:NotAPredicate=1
call:NotAValue=1
call:NotEven=2
call:NotNum=20
call:NotSelect=1
call:NotUtf8=3
call:NotWritten=6
call:Nothing=1
call:Num=81
call:NumberRange=1
call:Nums=1
call:Op=2
call:Ops=1
call:OrdKey=4
call:OrphanRecipe=1
call:Outcome=10
call:Output=6
call:P=55
call:PErr=5
call:PR=6
call:PST=1
call:Page=2
call:Pair=15
call:Parse=9
call:Particle=2
call:Patch=1
call:Pc=8
call:Peer=5
call:Person=16
call:Plan=14
call:Point=43
call:Pool=2
call:Pos=1
call:Posting=3
call:Program=4
call:Pt=16
call:Q=1
call:Quad=1
call:Query=1
call:RCreate=1
call:RErr=25
call:RInsert=1
call:Rate=1
call:Ray=2
call:Rec=4
call:RecipeFailed=1
call:Rect=5
call:Red=2
call:Request=2
call:Res=10
call:Response=3
call:Rng=14
call:RootRes=1
call:Route=9
call:Row=8
call:Rows=1
call:Rule=1
call:S0=4
call:S10=4
call:S11=4
call:S12=4
call:S13=4
call:S14=4
call:S15=4
call:S16=4
call:S17=4
call:S18=4
call:S19=4
call:S1=4
call:S20=4
call:S21=4
call:S22=4
call:S23=4
call:S24=4
call:S25=4
call:S26=4
call:S27=4
call:S28=4
call:S29=4
call:S2=4
call:S30=4
call:S31=4
call:S32=4
call:S33=4
call:S34=4
call:S35=4
call:S36=4
call:S37=4
call:S38=4
call:S39=4
call:S3=4
call:S40=4
call:S41=4
call:S42=4
call:S43=4
call:S44=4
call:S45=4
call:S46=4
call:S47=4
call:S48=4
call:S49=4
call:S4=4
call:S5=4
call:S6=4
call:S7=4
call:S8=4
call:S9=4
call:S=2
call:Scan=3
call:Seconds=1
call:Select=2
call:Selected=1
call:Sess=1
call:Session=1
call:Sheet=1
call:Sized=3
call:Slot=6
call:SlotIdx=1
call:Solver=1
call:Span=2
call:Sphere=15
call:Split=1
call:Stack=3
call:Stale=1
call:Stamp=1
call:StampBroken=5
call:Stat=10
call:State=1
call:Stats=1
call:Storage=10
call:Store=3
call:StoreHdr=1
call:Sub=3
call:Super=1
call:T=1
call:TArr=4
call:TBool=2
call:TFloat=1
call:TIdent=1
call:TInt=3
call:TName=1
call:TNum=2
call:TOp=1
call:TPunct=3
call:TStr=4
call:TT=2
call:TTEntry=1
call:TTable=13
call:T_COLON=8
call:T_COMMA=8
call:T_END=12
call:T_IDENT=12
call:T_LP=12
call:T_NUM=8
call:T_OP=32
call:T_RP=16
call:T_STR=8
call:Table=4
call:TableExists=1
call:Tables=1
call:Tag=2
call:Tagged=1
call:Tally=1
call:Team=1
call:Text=8
call:Tok=67
call:TooBig=1
call:TooDeep=21
call:TooLong=1
call:Trailing=4
call:TrailingComma=1
call:TrailingText=2
call:Tree=1
call:Trie=11
call:TrieNode=2
call:Truncated=2
call:TycHdr=3
call:TypeClash=1
call:Unclosed=4
call:Uncomparable=1
call:Unknown=1
call:Unreadable=2
call:UserId=12
call:V0=1
call:V=3
call:VBool=75
call:VClo=4
call:VDec=8
call:VInt=23
call:VPair=11
call:VPrim=2
call:VStr=7
call:VSym=10
call:VText=1
call:Val=15
call:Var=5
call:Vec3=63
call:Vec=5
call:Verdict=37
call:W=4
call:Wal=2
call:WalHdr=1
call:Word=3
call:WorkLost=1
call:World=1
call:Yep=1
call:Zob=1
call:_add=48
call:_add_expr=8
call:_apply=1
call:_atom=7
call:_big=4
call:_binary=4
call:_build_index=2
call:_call=4
call:_call_fn=4
call:_cause=4
call:_check=3
call:_clamp=2
call:_cmp=15
call:_cmp_vals=4
call:_col_index=2
call:_col_pos=1
call:_collect=4
call:_conjuncts=3
call:_cp_before=1
call:_crash=1
call:_create=1
call:_cycle_from=1
call:_cycle_text=1
call:_dd_div=8
call:_dd_mul=8
call:_digit_str=24
call:_emit=1
call:_empty_ast=2
call:_eq_key=1
call:_ev=32
call:_eval=2
call:_expect_punct=4
call:_expect_word=4
call:_explain=1
call:_fabs=28
call:_find=2
call:_fold=3
call:_format=12
call:_forward=1
call:_from=2
call:_g_focus=2
call:_g_gap_to=3
call:_g_grow=1
call:_g_len=1
call:_has=2
call:_header=3
call:_hex=1
call:_ident=5
call:_index_for=1
call:_insert=1
call:_int_digits=12
call:_invert=1
call:_is_alpha=12
call:_is_digit=32
call:_is_lit=2
call:_keyword=2
call:_lines_insert=1
call:_lines_remove=1
call:_lit=3
call:_lit_cmp=1
call:_lower=2
call:_mk=44
call:_mul=8
call:_num=4
call:_one=2
call:_open=1
call:_p10i=16
call:_parse_create=1
call:_parse_insert=1
call:_parse_select=1
call:_parse_stmt=2
call:_peek=84
call:_place=2
call:_plan_for=2
call:_pow10=16
call:_pow=4
call:_power=4
call:_pred=3
call:_predicate=1
call:_prev_start=2
call:_punct=7
call:_quick_sum=8
call:_raw=1
call:_raw_del=4
call:_raw_ins=3
call:_raw_join=4
call:_raw_split=3
call:_record=6
call:_ref=14
call:_rejoin=1
call:_round_to=4
call:_same=8
call:_scale=12
call:_select=1
call:_sorted_keys=2
call:_status=2
call:_sync=6
call:_tok_desc=20
call:_two_prod=8
call:_unary=16
call:_unfocus=12
call:_width_at=2
call:_word=6
call:a=2
call:a_kind=3
call:abs=3
call:accept_loop=3
call:accept_one=1
call:add3=1
call:add=11
call:add_clause=4
call:add_items_from=2
call:add_two=3
call:addp=1
call:alias_assign=1
call:alias_chain=1
call:alias_expr=1
call:alias_tag=1
call:alias_whole=1
call:alive=3
call:all_digits=17
call:alt=1
call:alt_run=1
call:analyze=1
call:analyze_args=4
call:analyze_body=10
call:analyze_expr=20
call:analyze_forms=2
call:analyze_top=2
call:append_text=1
call:apply0=3
call:apply2=2
call:apply=13
call:applyS=1
call:apply_form=4
call:apply_s=1
call:apply_str=1
call:area=9
call:argv_has_nul=2
call:arith=2
call:as_num=16
call:as_str=17
call:as_uint=5
call:ascii_lower=6
call:ascii_lower_md=1
call:assemble=1
call:asset_response=1
call:assign=2
call:at=16
call:atoi=2
call:attacked=13
call:avg=2
call:axpy=1
call:b2i=131
call:b2s=2
call:b2w=2
call:b3=1
call:b3residue=1
call:b=52
call:backtrack=4
call:bad=21
call:bad_request=1
call:band_of=1
call:base64__dec_val=2
call:base64__enc_char=18
call:base64__encode_impl=4
call:base=3
call:base_name=3
call:begin_of=20
call:below=1
call:bench=1
call:bench_ints=1
call:bench_strings=3
call:bignum__Big=60
call:bignum__add=6
call:bignum__divmod=12
call:bignum__from_int=6
call:bignum__mag_add=12
call:bignum__mag_cmp=24
call:bignum__mag_divmod=6
call:bignum__mag_mul=18
call:bignum__mag_sub=24
call:bignum__mul=12
call:bignum__neg=12
call:bignum__pad_limb=6
call:bignum__reverse=6
call:bignum__shift_add=6
call:bignum__strip=24
call:bignum__zero=54
call:bigsig0=1
call:bigsig1=1
call:blank=2
call:blob_fields=3
call:block=6
call:blog_index=1
call:board_hash=2
call:bodyless=1
call:bool_of=3
call:boom=2
call:borrow_left_int=1
call:borrow_left_leaf=1
call:borrow_right_int=1
call:borrow_right_leaf=1
call:box=2
call:boxlen=1
call:brk=1
call:bsum=2
call:bubble_down=1
call:bubble_up=2
call:buf__BadCol=4
call:buf__BadLine=5
call:buf__Buf=1
call:buf__Cursor=18
call:buf__Del=2
call:buf__Edit=1
call:buf__Ins=1
call:buf__Join=2
call:buf__NotUtf8=3
call:buf__Split=1
call:buf___check=3
call:buf___clamp=2
call:buf___cp_before=1
call:buf___forward=1
call:buf___from=2
call:buf___g_focus=2
call:buf___g_gap_to=3
call:buf___g_grow=1
call:buf___g_len=1
call:buf___invert=1
call:buf___lines_insert=1
call:buf___lines_remove=1
call:buf___prev_start=2
call:buf___raw_del=4
call:buf___raw_ins=3
call:buf___raw_join=4
call:buf___raw_split=3
call:buf___record=6
call:buf___unfocus=12
call:buf___width_at=2
call:build=28
call:build__Job=1
call:build__MissingSource=1
call:build__NoOutput=1
call:build__Outcome=10
call:build__RecipeFailed=1
call:build__Stamp=1
call:build__StampBroken=5
call:build__Stat=10
call:build__Unreadable=2
call:build__WorkLost=1
call:build__cut=2
call:build__do_node=1
call:build__emitted=1
call:build__job_for=2
call:build__log_of=1
call:build__pool=1
call:build__probe=3
call:build__rdeps_of=1
call:build__stamps_read=1
call:build__stamps_write=1
call:build__state_word=1
call:build__was_hash=1
call:build_break=1
call:build_cont=1
call:build_gdepth=2
call:build_jobs=1
call:build_nested=1
call:build_pst=2
call:build_readmid=1
call:build_ret=1
call:build_scene=1
call:build_snap=1
call:build_solver=1
call:build_tables=1
call:build_two=1
call:build_while=1
call:build_zob=1
call:bump=16
call:bump_first=1
call:bump_var=1
call:bytes_of=17
call:c_quote=2
call:call_prim=2
call:call_sig_query=1
call:cancelled=1
call:cancels=1
call:car=96
call:cause_of=4
call:cdr=80
call:cell=2
call:cell__Ast=2
call:cell__Bad=46
call:cell__BadChar=2
call:cell__BadName=8
call:cell__BadNumber=2
call:cell__BadRef=4
call:cell__Bool=18
call:cell__COLS=6
call:cell__EVAL_DEPTH=4
call:cell__Env=2
call:cell__Expected=12
call:cell__HugeRef=4
call:cell__K_BIN=10
call:cell__K_BOOL=4
call:cell__K_CALL=4
call:cell__K_NUM=4
call:cell__K_RANGE=8
call:cell__K_REF=6
call:cell__K_TEXT=4
call:cell__K_UN=4
call:cell__MAX_CELLS=4
call:cell__MAX_DEPTH=12
call:cell__Node=2
call:cell__NotNum=10
call:cell__Num=28
call:cell__P=2
call:cell__T_COLON=4
call:cell__T_COMMA=4
call:cell__T_END=6
call:cell__T_IDENT=6
call:cell__T_LP=6
call:cell__T_NUM=4
call:cell__T_OP=16
call:cell__T_RP=8
call:cell__T_STR=4
call:cell__Text=4
call:cell__Tok=22
call:cell__TooDeep=10
call:cell__Trailing=2
call:cell__Unclosed=2
call:cell___add=24
call:cell___add_expr=4
call:cell___atom=2
call:cell___big=2
call:cell___binary=2
call:cell___call=2
call:cell___call_fn=2
call:cell___cmp=6
call:cell___cmp_vals=2
call:cell___collect=2
call:cell___dd_div=4
call:cell___dd_mul=4
call:cell___digit_str=12
call:cell___ev=16
call:cell___fabs=14
call:cell___format=6
call:cell___int_digits=6
call:cell___is_alpha=6
call:cell___is_digit=16
call:cell___mk=22
call:cell___mul=4
call:cell___p10i=8
call:cell___peek=42
call:cell___pow10=8
call:cell___pow=2
call:cell___power=2
call:cell___quick_sum=4
call:cell___ref=6
call:cell___round_to=2
call:cell___same=4
call:cell___scale=6
call:cell___tok_desc=10
call:cell___two_prod=4
call:cell___unary=8
call:cell__env_get=4
call:cell__err_code=2
call:cell__err_detail=2
call:cell__is_bad=2
call:cell__is_inf=2
call:cell__is_nan=2
call:cell__is_neg_zero=6
call:cell__key=8
call:cell__lex=2
call:cell__ref_name=12
call:cell__ref_of=4
call:cell__render=8
call:cell__render_value=6
call:cell__to_num=16
call:ch=1
call:chain=4
call:char__is_alpha=18
call:char__is_digit=72
call:char__is_lower=36
call:char__is_upper=36
call:check=17
call:check_cols=6
call:check_win=1
call:checked=2
call:checked_div=2
call:checksum=6
call:child_index=3
call:chomp=2
call:ci_prefix=1
call:civil_from_days=1
call:ck=16
call:clamp01=9
call:clamp=2
call:classify=18
call:clean=2
call:clear_piece=8
call:cli__Cli=26
call:cli__NoValue=26
call:cli__Unknown=26
call:cli__in_list=182
call:cli__is_long=26
call:cli__is_short=52
call:cli__missing=26
call:cli__parse_into=52
call:cli__parse_spec=26
call:cli__undash=104
call:cli__undash_all=52
call:cli__unknown=26
call:cli_args=1
call:client=1
call:close_conn=1
call:closure=1
call:cmd_break=2
call:cmd_build=1
call:cmd_chain=1
call:cmd_check=1
call:cmd_debug=1
call:cmd_fmt=1
call:cmd_get=1
call:cmd_list=1
call:cmd_locals=1
call:cmd_print=1
call:cmd_quit=2
call:cmd_roundtrip=1
call:cmd_run=1
call:cmd_set=1
call:cmd_t=1
call:cmd_watch=1
call:cmd_x=1
call:cmp_key_rows=1
call:cmp_vals=3
call:col_index=6
call:collect=7
call:collect_globals=2
call:collect_leaves=2
call:collect_params=20
call:comb=2
call:commas=1
call:comment_line=1
call:comp=3
call:comp_item=6
call:compile_fn_body=6
call:compile_scheme=2
call:compiler=3
call:compose=4
call:compress___cause=12
call:compute=1
call:compute_counts=1
call:compute_projs=2
call:compute_syms=2
call:con8=1
call:const_arg=1
call:const_of=10
call:consumer=4
call:contains=5
call:content_length_conflict=1
call:coords=2
call:copy_checks=1
call:count=13
call:countOf=2
call:count_args=4
call:count_down=1
call:count_file=2
call:count_flags=1
call:count_if=1
call:count_nums=3
call:count_then_name=1
call:count_true=1
call:countdown=1
call:crc32=3
call:create=1
call:crlf=7
call:csv__needs_quote=5
call:csv__parse_delim=5
call:csv__parse_row=5
call:csv__quote_field=5
call:csv__stringify_delim=5
call:ctype_for=2
call:ctz=19
call:cur=31
call:current_scope=10
call:cut=3
call:cx_aead_decrypt=3
call:cx_aead_encrypt=3
call:cx_ct_equal=3
call:cx_ed25519_key_from_seed=3
call:cx_ed25519_key_random=3
call:cx_ed25519_pubkey_hex=3
call:cx_ed25519_sign_hex=3
call:cx_ed25519_verify=3
call:cx_hmac_sha256_hex=3
call:cx_key_export_hex=3
call:cx_key_free=3
call:cx_key_from_hex=3
call:cx_key_len=3
call:cx_key_random=3
call:cx_pbkdf2_sha256=3
call:cx_random_hex=3
call:cx_sha256_hex=3
call:cx_sha512_hex=3
call:cx_x25519_key_from_secret=3
call:cx_x25519_key_random=3
call:cx_x25519_pubkey_hex=3
call:cx_x25519_shared=3
call:d2=5
call:data_of=4
call:datetime__DateTime=20
call:datetime__all_digits=75
call:datetime__bad=105
call:datetime__civil_from_days=5
call:datetime__days_from_civil=10
call:datetime__days_in_month=10
call:datetime__digits_val=75
call:datetime__format_iso=5
call:datetime__format_offset=5
call:datetime__from_unix=20
call:datetime__from_unix_at=10
call:datetime__is_digit=5
call:datetime__is_leap=5
call:datetime__local_offset=10
call:datetime__month_num=5
call:datetime__ok=10
call:datetime__pad2=35
call:datetime__pad4=5
call:datetime__parse_clf=5
call:datetime__parse_clf_offset=5
call:datetime__parse_iso=5
call:datetime__parse_offset=5
call:datetime__to_unix=5
call:datetime__to_unix_at=10
call:datetime__weekday=10
call:datetime__weekday_from_days=10
call:days_from_civil=2
call:days_in_month=2
call:dbgx_abs=1
call:dbgx_close=1
call:dbgx_interrupted=4
call:dbgx_is_windows=5
call:dbgx_kill=1
call:dbgx_pid=1
call:dbgx_readline=4
call:dbgx_remove=1
call:dbgx_run=3
call:dbgx_spawn=1
call:dbgx_stdin=3
call:dbgx_write=2
call:dbl=12
call:debugger=1
call:dec_err=3
call:dec_of=5
call:dec_val=1
call:decay=1
call:decimal__BadMode=3
call:decimal__BadScale=3
call:decimal__Decimal=30
call:decimal__add=3
call:decimal__neg=3
call:decimal__parse_unchecked=6
call:decimal__scale_up=21
call:decode=5
call:decode_impl=2
call:deep=4
call:def_matches=4
call:define_name=4
call:defined_count=2
call:delete_rec=2
call:demangle_sig=2
call:demo=1
call:demo_lines=1
call:dense_of=3
call:depth=5
call:depth_of=1
call:describe=22
call:diagnose=2
call:die_c=50
call:die_kv=21
call:diff__Del=1
call:diff__Hunk=1
call:diff__Ins=1
call:diff__Keep=2
call:diff___emit=1
call:diff___num=4
call:diff__hunks=1
call:diff__is_keep=3
call:diff__script=1
call:digest=1
call:digit_ok=2
call:digits_to_int=12
call:digits_val=15
call:dijkstra=1
call:dir=2
call:dirname=1
call:disassemble=1
call:distinct=7
call:divmod=6
call:dnum=3
call:do_fetch=1
call:do_node=1
call:doc__Doc=2
call:doc_get=18
call:doc_set=2
call:dot=2
call:dotN=1
call:doubled=2
call:doubled_even=3
call:doubled_head=2
call:doubled_x=1
call:drain=4
call:drop=1
call:dstr=1
call:dtx_local_offset=6
call:dtx_offset_at=6
call:due_in=2
call:dump=5
call:dump_i=2
call:dump_s=4
call:dup2=2
call:durable_write=2
call:dv=24
call:dwhy=7
call:e=7
call:e_jump=10
call:e_load=30
call:e_loadk=10
call:e_op=134
call:e_patch=6
call:e_push=18
call:e_store=14
call:eat_kw=3
call:echo=4
call:echo_str=1
call:echo_struct=1
call:emit=4
call:emit_apply_expr=2
call:emit_apply_sym=2
call:emit_args=38
call:emit_begin=2
call:emit_box_ref=2
call:emit_call=6
call:emit_closure=4
call:emit_define=2
call:emit_dispatch=4
call:emit_expr=20
call:emit_lambda=2
call:emit_prim=2
call:emit_quoted=4
call:emit_ref=6
call:emit_top_forms=2
call:emitted=1
call:empty=5
call:empty_board=3
call:empty_image=14
call:empty_node=13
call:enc_char=9
call:enc_err=2
call:encode=4
call:encode_impl=6
call:encode_member=1
call:ends_nl=1
call:ends_txt=1
call:ends_with=1
call:enqueue=6
call:ensure_tmp_root=6
call:entry_body=1
call:env_get=8
call:env_slot=6
call:eq=1
call:eq_vals=2
call:err_at=1
call:err_code=4
call:err_detail=4
call:err_offset=1
call:err_reason=1
call:err_str=1
call:err_val=1
call:errmsg=6
call:error_body=1
call:error_response=10
call:esc=39
call:esc_html=8
call:escape=3
call:eval=50
call:eval_all=4
call:eval_side=1
call:evaluate=3
call:even=3
call:evens=1
call:exec__Created=2
call:exec__Explained=4
call:exec__Inserted=2
call:exec__NoColumn=4
call:exec__NotAPredicate=2
call:exec__NotAValue=2
call:exec__Plan=4
call:exec__Rows=2
call:exec__Selected=2
call:exec__Storage=12
call:exec__Uncomparable=2
call:exec__Wal=4
call:exec___cmp=2
call:exec___col_index=4
call:exec___create=2
call:exec___eval=4
call:exec___explain=2
call:exec___insert=2
call:exec___lit=6
call:exec___open=2
call:exec___plan_for=4
call:exec___pred=6
call:exec___select=2
call:exec_or_die=2
call:execp_or_die=2
call:execute=2
call:expand=1
call:expand_all=2
call:explain=2
call:expr_header=1
call:ext=1
call:ext_of=1
call:f=16
call:fail=42
call:faulty=3
call:fd_of=15
call:feed=1
call:fen_bad=6
call:fen_rank=1
call:fh_closes=1
call:fh_getc=3
call:fh_live=1
call:fh_ok=2
call:fh_open=2
call:fh_opens=1
call:fib=6
call:field=17
call:fields=2
call:fill=9
call:fill_one=1
call:final=2
call:final_hex=1
call:find_cycle=1
call:find_def=2
call:find_eocd=2
call:find_from=1
call:find_key=3
call:find_key_eq=1
call:find_nl=2
call:find_occurrences=3
call:find_outside_quotes=2
call:first=7
call:firstOf=2
call:first_even=2
call:first_items=1
call:first_key=4
call:first_line=2
call:first_listed=2
call:first_nonspace=1
call:first_or_zero=1
call:first_over=1
call:first_two=1
call:first_word=1
call:firstn=4
call:firstof=3
call:fixed=16
call:flat=2
call:fm_round=2
call:fmath__trunc=2
call:fmt=1
call:fmt_line=1
call:fmt_ms=1
call:fold=6
call:fold_add=1
call:fold_mul=1
call:fold_sub=1
call:format=1
call:format_iso=1
call:format_offset=1
call:formatter=1
call:framing=1
call:from_int=1
call:from_unix=4
call:from_unix_at=2
call:fst=1
call:fswhy=23
call:g=11
call:gdb_probe=1
call:gen=4
call:gen_moves=3
call:gen_php=1
call:generation_of=1
call:get=63
call:get_mp=10
call:get_u32=8
call:get_u64=1
call:gfilter=1
call:gid=4
call:globals_slot=12
call:gmap=2
call:grade=4
call:graph__ColonInDep=2
call:graph__Continuation=2
call:graph__Cycle=2
call:graph__DupTarget=2
call:graph__EmptyTarget=2
call:graph__Graph=2
call:graph__MultiTarget=2
call:graph__NoColon=2
call:graph__Node=2
call:graph__OrphanRecipe=2
call:graph__Plan=3
call:graph__fields=4
call:graph__find_cycle=2
call:graph__is_ws=8
call:graph__names_of=2
call:graph__node_of=4
call:graph__rotate=2
call:graph__rtrim=2
call:greet=1
call:grep_text=3
call:grid=2
call:group=1
call:grow=3
call:grow_and_len=1
call:grow_ok=1
call:gsign=5
call:h=3
call:h_init=1
call:h_pop=1
call:h_push=1
call:half=1
call:handle_completion=1
call:handle_connection=1
call:handle_definition=1
call:handle_document_symbol=1
call:handle_highlight=1
call:handle_hover=1
call:handle_inlay=1
call:handle_references=1
call:handle_rename=1
call:handle_semantic_tokens=1
call:handle_signature=1
call:handle_workspace_symbol=1
call:has=11
call:has_ext=19
call:has_import=1
call:has_key=2
call:has_limit=1
call:has_nul=39
call:has_package=1
call:has_path=1
call:has_prefix=1
call:has_token=2
call:hash__lo_hex=3
call:head=1
call:head_budget=1
call:header=3
call:header_row=1
call:heading_level=3
call:help=1
call:hex2=4
call:hex4=2
call:hex__encode_impl=6
call:hex__hex_digit=6
call:hex_digit=5
call:hex_val=2
call:hexdig=4
call:hexline=1
call:hexval=3
call:hget=1
call:hidden_answer=1
call:hidden_segment=2
call:hit=2
call:hit_sphere=3
call:hits_body=1
call:hpop=1
call:hpush=2
call:hswap=2
call:html=4
call:http__has_nul=28
call:http_body=10
call:http_body_bytes=5
call:http_date=1
call:http_date_at=5
call:http_free=15
call:http_get=15
call:http_post_bytes=10
call:http_status=10
call:httpd__Request=10
call:httpd__Response=15
call:httpd__all_digits=5
call:httpd__ascii_lower=30
call:httpd__bad_request=5
call:httpd__bodyless=5
call:httpd__cause_of=5
call:httpd__chomp=10
call:httpd__content_length_conflict=5
call:httpd__crlf=25
call:httpd__framing=5
call:httpd__has_ext=95
call:httpd__has_token=10
call:httpd__header=15
call:httpd__no_crlf=15
call:httpd__parse_len=5
call:httpd__parse_request=10
call:httpd__read_request_capped=5
call:httpd__read_request_deadline=5
call:httpd__read_request_resume=5
call:httpd__reason_phrase=5
call:httpd__render_head=10
call:httpd__response=5
call:httpd__response_reason=5
call:httpd__trim=25
call:httpd__with_header=10
call:hunks=1
call:iabs=2
call:id=7
call:ident=2
call:idx=2
call:image__Image=4
call:image___cause=4
call:imgx_decode=3
call:imgx_encode=3
call:imgx_free=3
call:imgx_height=3
call:imgx_pixels=3
call:imgx_width=3
call:in_check=6
call:in_list=7
call:inc=4
call:inci=2
call:incr=1
call:indent_str=1
call:index_doc=1
call:index_from=6
call:index_of=13
call:indices=1
call:init=2
call:inline=4
call:inline_at=5
call:insert=11
call:insert_rec=2
call:int_of=7
call:intern__Handle=4
call:internal_bytes=1
call:internal_insert=1
call:interrupt=2
call:io___status=78
call:io__append_text=39
call:io__has_nul=975
call:io__make_dir=39
call:io__read_bytes=39
call:io_str=1
call:io_why=2
call:iox_append_str=40
call:iox_close_lines=80
call:iox_copy_file=40
call:iox_dir_probe=40
call:iox_make_dir=40
call:iox_open_lines=80
call:iox_read_at=40
call:iox_read_file=40
call:iox_read_line=80
call:iox_remove=40
call:iox_set_mtime=40
call:iox_stat_kind=80
call:iox_stat_mtime=40
call:iox_stat_size=40
call:iox_sync=40
call:iox_write_at=40
call:iox_write_bytes=40
call:is_abs=1
call:is_addop=1
call:is_aln=1
call:is_alp=2
call:is_alpha=6
call:is_bad=4
call:is_blank=3
call:is_cmp=1
call:is_comment_only=1
call:is_const=7
call:is_ctl=2
call:is_date_head=1
call:is_date_valid=1
call:is_define_form=6
call:is_dig=9
call:is_digit=13
call:is_digits=3
call:is_hex64=2
call:is_hexdig=1
call:is_hr=2
call:is_ident_ch=15
call:is_ident_start=1
call:is_inf=4
call:is_int_text=2
call:is_int_tok=1
call:is_keep=3
call:is_kw=13
call:is_leap=1
call:is_lit=2
call:is_long=1
call:is_lower=2
call:is_mulop=1
call:is_nan=4
call:is_neg_zero=12
call:is_nil=20
call:is_num=11
call:is_num_start=1
call:is_op=17
call:is_operand=2
call:is_package_file=1
call:is_pathchar=1
call:is_primitive=8
call:is_reserved=3
call:is_short=2
call:is_space=2
call:is_three_op=1
call:is_time_valid=1
call:is_topdef=1
call:is_true=4
call:is_two_op=1
call:is_unreserved=1
call:is_upper=2
call:is_valid=1
call:is_ws=15
call:jat=1
call:jn=16
call:job_for=2
call:join=3
call:join_from=2
call:join_ints=2
call:join_names=1
call:json__BadByte=6
call:json__BadEscape=6
call:json__BadFloat=6
call:json__BadKey=6
call:json__BadKeyword=6
call:json__BadNumber=6
call:json__BadUnicode=6
call:json__BadUtf8=6
call:json__ControlByte=6
call:json__JArr=48
call:json__JBool=12
call:json__JFloat=6
call:json__JNum=6
call:json__JObj=72
call:json__JStr=6
call:json__LeadingZero=6
call:json__LoneSurrogate=6
call:json__MissingColon=6
call:json__MissingSep=6
call:json__NoProgress=6
call:json__NumberRange=6
call:json__TooDeep=6
call:json__TrailingComma=6
call:json__TrailingText=12
call:json__Truncated=6
call:json__depth_of=6
call:json__err_at=6
call:json__err_offset=6
call:json__err_reason=6
call:json__esc=12
call:json__hex4=12
call:json__hexdig=12
call:json__hexval=6
call:json__key_index=6
call:json__parse_array=6
call:json__parse_checked=6
call:json__parse_number=6
call:json__parse_object=6
call:json__parse_string=12
call:json__parse_value=18
call:json__skip_ws=54
call:json__stringify=12
call:json__utf8=6
call:json__utf8_len=12
call:json_cell=1
call:json_err=1
call:json_float_cell=1
call:json_root=1
call:judge=2
call:judge_abort=1
call:judge_diag=1
call:judge_expect=1
call:judge_pos=1
call:judge_reject=2
call:judge_warn=1
call:judge_warnpkg=1
call:k7=3
call:k_table=3
call:key=16
call:key_index=1
call:kind=20
call:kind_name=8
call:kv_delete=2
call:kv_insert=2
call:kv_key=1
call:kv_lookup=2
call:kv_request=3
call:label=15
call:label_at=2
call:labelled=2
call:last=2
call:lastOf=1
call:last_or=2
call:lastof=1
call:layout=6
call:leaf=4
call:leaf_bytes=1
call:leaf_insert=1
call:left=1
call:legal_moves=4
call:len_bd=8
call:lex=8
call:lex_number=1
call:lex_string=1
call:limit_line=1
call:limit_of=1
call:line=4
call:line_len=1
call:list=1
call:list_form=1
call:list_has=2
call:list_of=4
call:lit_false=2
call:lit_index=2
call:lit_true=1
call:lit_val=2
call:lit_var=8
call:live_neighbours=1
call:lo_hex=7
call:load=2
call:load_csv=1
call:load_json=1
call:load_page=4
call:local_offset=2
call:log__Logger=2
call:log__line=8
call:log_of=1
call:log_path=1
call:log_req=4
call:log_safe=4
call:lookup=9
call:lossless=2
call:lower=2
call:ltrim=4
call:mag2=1
call:mag_add=2
call:mag_cmp=4
call:mag_divmod=1
call:mag_mul=3
call:mag_sub=4
call:maj=1
call:make=22
call:make_adder=4
call:make_cells=2
call:make_dir=1
call:make_grid=1
call:make_move=8
call:make_ops=1
call:make_opts=1
call:make_prefixer=1
call:make_pts=4
call:make_range=3
call:make_res=1
call:make_row=2
call:make_soa=5
call:make_squares=1
call:many1=1
call:many1_run=1
call:many=2
call:many_run=2
call:map_array=2
call:map_int=2
call:map_scan=1
call:maptree=3
call:mark_boxed=2
call:markdown__ascii_lower_md=3
call:markdown__esc=24
call:markdown__find_from=3
call:markdown__heading_level=9
call:markdown__index_from=18
call:markdown__inline=12
call:markdown__inline_at=15
call:markdown__is_blank=6
call:markdown__is_hr=6
call:markdown__ol_item=12
call:markdown__render_at=6
call:markdown__safe_url=6
call:markdown__ul_item=12
call:math__abs=12
call:max_body=2
call:max_of=2
call:max_overlap=1
call:maxi=2
call:maxv=2
call:maybe=1
call:md5__digest=2
call:md5__hex2=2
call:md5__k_table=2
call:md5__lo_hex=4
call:md5__rotl=2
call:md5__s_table=2
call:md5__to_u32_all=2
call:member_of=1
call:merge=4
call:merge_internals=2
call:merge_leaves=2
call:merge_sort=1
call:meta_of=4
call:mi=12
call:mine_raw_off=1
call:mine_raw_on=1
call:mine_read_key=1
call:minmax=1
call:missing=1
call:mixed=1
call:mk=21
call:mk_bd=1
call:mk_fa=3
call:mk_mp=1
call:mkdir=2
call:mkdir_p=2
call:mkopt=4
call:mkpair=2
call:mkstr=3
call:mktok=6
call:mkv=2
call:money=4
call:money__Account=1
call:money__Cents=3
call:money__Rate=1
call:month_num=1
call:move_score=2
call:moved=1
call:msize=2
call:mtime_or=3
call:mul=2
call:must_pos=1
call:mwhy=10
call:mylen=1
call:mymin=3
call:n_of=23
call:name=5
call:name_end_col=1
call:names=1
call:names_of=1
call:nb=12
call:need=6
call:need_bool=4
call:needs_quote=1
call:neg=3
call:nerr=2
call:nested=5
call:net__has_nul=44
call:netx_accept=12
call:netx_accept_wait=12
call:netx_close=12
call:netx_connect=12
call:netx_listen=12
call:netx_peer_addr=12
call:netx_poll_readable=12
call:netx_port_of=12
call:netx_read=12
call:netx_set_read_timeout=12
call:netx_udp_bind=12
call:netx_udp_read=12
call:netx_udp_send=12
call:netx_write=12
call:new_game=5
call:next=3
call:nextidx=27
call:no_crlf=3
call:node_bytes=1
call:node_of=2
call:node_set=24
call:none_int=1
call:nop=16
call:norm1=1
call:norm_sep=3
call:normalize=1
call:not_found=5
call:nth=13
call:nul_checks=1
call:null_dev=12
call:num__total=1
call:num_shape=2
call:num_val=7
call:nums=1
call:nwords=2
call:occ_all=2
call:occ_side=3
call:offset_of=19
call:ok=2
call:ok_items=1
call:ok_val=1
call:ol_item=4
call:oops=8
call:op_named=1
call:operand=1
call:operator_binding=2
call:opt_get=1
call:opt_or=2
call:optable=1
call:ord_cmp=1
call:ord_rank=2
call:order_moves=4
call:order_top_forms=2
call:origin_or=2
call:os__Output=48
call:os__argv_has_nul=16
call:os__has_nul=24
call:ostep=1
call:osx_exec=9
call:osx_exec_out=9
call:osx_run=9
call:osx_run_code=18
call:osx_run_free=18
call:osx_run_out=18
call:osx_system=9
call:out_name=1
call:outcome=5
call:p=1
call:pack=4
call:pad2=7
call:pad4=1
call:pad_limb=1
call:padded=3
call:page_html=2
call:page_response=3
call:pair=4
call:pair_value=1
call:param_scope=10
call:parse=7
call:parse_add=2
call:parse_all=2
call:parse_and=2
call:parse_args=1
call:parse_array=5
call:parse_basic=1
call:parse_checked=1
call:parse_clf=1
call:parse_clf_offset=1
call:parse_cmp=2
call:parse_cnf=1
call:parse_content_length=1
call:parse_delim=1
call:parse_digit=3
call:parse_expr=7
call:parse_factor=3
call:parse_fen=3
call:parse_front=1
call:parse_http_date=1
call:parse_int_strict=5
call:parse_internal=1
call:parse_into=2
call:parse_iso=1
call:parse_item=2
call:parse_key=3
call:parse_leaf=1
call:parse_len=5
call:parse_line=1
call:parse_mul=2
call:parse_num=2
call:parse_number=5
call:parse_object=4
call:parse_offset=1
call:parse_pos=3
call:parse_primary=1
call:parse_query=1
call:parse_range=1
call:parse_request=2
call:parse_row=1
call:parse_source=1
call:parse_spec=1
call:parse_string=8
call:parse_term=2
call:parse_toks=8
call:parse_uint=5
call:parse_unary=4
call:parse_unchecked=2
call:parse_value=14
call:parsed_ok=3
call:path__base=36
call:path__clean=24
call:path__dir=24
call:path__ext=12
call:path__is_abs=12
call:path__join=12
call:path__real=24
call:path__safe_join=12
call:path__under=12
call:path_base=1
call:path_dir=1
call:pathx_real=13
call:pct_decode=1
call:peek=4
call:peek_first_byte=1
call:peek_op=7
call:people=1
call:per_tick=1
call:perft=2
call:perft_split=1
call:pfeq=10
call:pfneg=4
call:pfrt=5
call:pfs=19
call:pick=19
call:pick_branch=1
call:piece_at=6
call:piece_board=1
call:pipe__bump=1
call:pkg_fn_sig=2
call:pkg_members=1
call:pkg_mirror=1
call:place=3
call:place_mines=1
call:plan__Const=9
call:plan__EqKey=6
call:plan__IndexEq=3
call:plan__Keep=12
call:plan__NotSelect=3
call:plan__Plan=15
call:plan___conjuncts=9
call:plan___eq_key=3
call:plan___fold=9
call:plan___has=6
call:plan___is_lit=6
call:plan___lit_cmp=3
call:plan___rejoin=3
call:play_reveal=4
call:pmap=1
call:pmap_run=1
call:poll_str=5
call:poll_until=3
call:pool=1
call:pool__Handle=2
call:pool__Slot=2
call:pool__alive=6
call:pool__generation_of=2
call:pool__index_of=8
call:pool__pack=6
call:pow2=3
call:prev_is_value=1
call:prim_arity=28
call:prim_names=8
call:print_all=1
call:print_pair=4
call:print_val=6
call:probe=3
call:produce=6
call:produced_with=2
call:producer=1
call:project=1
call:promote=1
call:prop_clause_scan=1
call:propagate=2
call:pscan=2
call:pst_value=14
call:pt_x=2
call:pts=1
call:pump=2
call:push_bytes=4
call:push_env=4
call:push_front=3
call:push_move=17
call:push_px=8
call:push_rgba=4
call:push_str=2
call:put=4
call:put_col=1
call:put_rec=2
call:put_str=3
call:put_u32=16
call:put_u64=2
call:put_val=1
call:q=3
call:qoi_hash=2
call:qualifier_before=2
call:query_and=3
call:query_null_params=2
call:query_or_die=1
call:query_params=1
call:quiesce=2
call:quote=3
call:quote_field=1
call:race=1
call:ramp=1
call:rand__below=5
call:rand__next=5
call:ranked=2
call:raster__BmpHeader=3
call:raster__Image=12
call:raster__empty_image=42
call:raster__qoi_hash=6
call:raster__rd_u32_be=6
call:raster__too_big=6
call:raster__wrap8=15
call:ray_color=2
call:rd_u32_be=2
call:rdeps_of=1
call:read_archive=2
call:read_bytes=1
call:read_entries=1
call:read_manifest=1
call:read_message=1
call:read_request_capped=1
call:read_request_deadline=1
call:read_request_resume=1
call:read_source=1
call:real=2
call:reason_phrase=1
call:rebalance=1
call:rebox=1
call:rec_fields=7
call:record=1
call:recv_line=2
call:recv_res=4
call:recv_response=1
call:redirect_response=1
call:ref_name=24
call:ref_of=8
call:refuse=3
call:regex__group=2
call:reinterp_ret=1
call:relay=2
call:remove_sep=4
call:remove_slot=1
call:rename=1
call:render=32
call:render_ascii=1
call:render_at=2
call:render_head=2
call:render_md=1
call:render_ppm=1
call:render_value=12
call:rep=6
call:repeat=1
call:repl=1
call:report=3
call:res_any=2
call:resolve=3
call:resolve_emit=12
call:resolve_key=1
call:response=1
call:response_reason=1
call:rev=2
call:reveal=2
call:reverse=1
call:rewrap=1
call:rotate=1
call:rotl=1
call:rotr=10
call:round_trip=1
call:roundtrip=3
call:route=3
call:row_sum=1
call:rows=1
call:rq=11
call:rt=19
call:rtrim=1
call:run=5
call:run_animation=1
call:run_backpressure=1
call:run_btree=1
call:run_cancel=1
call:run_cmd=2
call:run_demo=4
call:run_errors=1
call:run_graph=1
call:run_graph_cancel=1
call:run_ints=1
call:run_line=3
call:run_map=1
call:run_one=8
call:run_play=2
call:run_pool=1
call:run_reduce=1
call:run_repl=1
call:run_rule=1
call:run_script=1
call:run_seq=1
call:run_stmt=2
call:run_words=1
call:rx_compile=3
call:rx_find=6
call:rx_find_end=6
call:rx_free=3
call:rx_group_end=6
call:rx_group_start=9
call:rx_is_match=3
call:rx_ngroups=6
call:s_table=1
call:safe_asset=1
call:safe_join=1
call:safe_name=1
call:safe_slug=2
call:safe_url=2
call:same=3
call:sanitizer_report=1
call:sat=4
call:sat_run=1
call:sb=7
call:scale=3
call:scale_up=7
call:scaled=1
call:scan=1
call:scan_exp=2
call:scan_leaf_slice=4
call:scan_rec=3
call:scatter=1
call:scene=1
call:scheduler=1
call:schema=2
call:score=2
call:scrambled_once=1
call:script=3
call:script_lines=2
call:search=4
call:search_root=1
call:search_root_par=1
call:second=3
call:seed_n=1
call:selftest=1
call:sem_is_keyword=1
call:sem_is_type=1
call:sem_push=1
call:send_block=3
call:send_msg=2
call:send_result=22
call:sep_needs_space=1
call:seq=2
call:seq_run=1
call:serve=1
call:serve_conn=1
call:serve_once=1
call:set16=1
call:set_glider=2
call:set_piece=7
call:set_rpentomino=1
call:sha256__State=9
call:sha256__bigsig0=9
call:sha256__bigsig1=9
call:sha256__block=18
call:sha256__ch=9
call:sha256__final=18
call:sha256__final_hex=9
call:sha256__h_init=9
call:sha256__hex2=9
call:sha256__init=18
call:sha256__k_table=18
call:sha256__lo_hex=18
call:sha256__maj=9
call:sha256__pow2=9
call:sha256__rotr=90
call:sha256__shr=18
call:sha256__smallsig0=9
call:sha256__smallsig1=9
call:sha256__to_u32_all=18
call:sha256__update=18
call:sha_bytes=4
call:shadow_test=1
call:shadowed=1
call:sheet__Rec=2
call:sheet__Sheet=1
call:sheet___cycle_from=1
call:sheet___cycle_text=1
call:sheet___empty_ast=2
call:sheet___sorted_keys=2
call:shift_add=1
call:shifted=1
call:shout=3
call:show=149
call:show_expr=14
call:show_item=1
call:show_nan=1
call:show_one=22
call:show_rows=1
call:show_stopped=1
call:show_value=1
call:shown=1
call:shown_val=8
call:shq=23
call:shr=2
call:side=23
call:side_at=5
call:sigx_conn_register=3
call:sigx_conn_retire=3
call:sigx_on_shutdown=3
call:sigx_requested=3
call:sigx_win_isolate_console=1
call:sigx_win_raise_break=1
call:simplify=9
call:simulate=1
call:singleton=1
call:sink=1
call:size=16
call:sized=2
call:skip_ws=33
call:skipped=1
call:sl=6
call:slice_ok=2
call:slot=3
call:smallsig0=1
call:smallsig1=1
call:snake_raw_off=1
call:snake_raw_on=1
call:snake_read_key=1
call:snake_sleep_ms=1
call:snd=1
call:solve=1
call:sorted_keys=1
call:spawn_food=2
call:speed=1
call:split_cmd=1
call:split_content=1
call:split_internal=1
call:split_items=1
call:split_leaf=1
call:split_path=1
call:split_top=2
call:split_ws=2
call:sq_add=6
call:sq_name=10
call:sql__And=4
call:sql__Cmp=4
call:sql__Col=4
call:sql__ColDef=4
call:sql__Create=4
call:sql__Explain=4
call:sql__Insert=4
call:sql__Lex=12
call:sql__LitInt=4
call:sql__LitStr=4
call:sql__Parse=36
call:sql__Select=8
call:sql__TIdent=4
call:sql__TNum=4
call:sql__TPunct=12
call:sql__TStr=4
call:sql___atom=12
call:sql___cmp=8
call:sql___expect_punct=16
call:sql___expect_word=16
call:sql___ident=20
call:sql___keyword=8
call:sql___parse_create=4
call:sql___parse_insert=4
call:sql___parse_select=4
call:sql___parse_stmt=8
call:sql___predicate=4
call:sql___punct=28
call:sql___raw=4
call:sql___word=24
call:sql__lex=4
call:sql__show=4
call:sql__show_expr=24
call:sql__ty_name=4
call:sqlite3_bind_int64=3
call:sqlite3_bind_text=4
call:sqlite3_changes=3
call:sqlite3_close=8
call:sqlite3_column_bytes=3
call:sqlite3_column_count=3
call:sqlite3_column_int64=5
call:sqlite3_column_text=5
call:sqlite3_column_type=3
call:sqlite3_errmsg=3
call:sqlite3_exec=8
call:sqlite3_finalize=19
call:sqlite3_free=3
call:sqlite3_open=5
call:sqlite3_prepare_v2=7
call:sqlite3_reset=1
call:sqlite3_step=10
call:sqlite3_total_changes=6
call:sqlite__Db=2
call:sqlite__errmsg=12
call:sqlite__query_null_params=4
call:sqlite__query_params=2
call:sqlite__run_stmt=4
call:squares=2
call:srv__Bound=1
call:srv__Checkpoint=1
call:srv__Connect=1
call:srv__Listen=2
call:srv__Peer=5
call:srv__TooLong=1
call:srv___one=2
call:srv__accept_one=1
call:srv__close_conn=1
call:srv__err_str=1
call:srv__recv_line=2
call:srv__recv_response=1
call:srv__render=1
call:srv__send_block=3
call:srv__serve_conn=1
call:ss=3
call:stage__Cancelled=2
call:stage__Dropped=2
call:stage__DuplicateIndex=2
call:stage__Failed=2
call:stage__Item=12
call:stage__Truncated=2
call:stage__cancelled=2
call:stale=1
call:stamps_read=1
call:stamps_write=1
call:starts_with=10
call:state_word=1
call:static_asset=2
call:stats=1
call:status=1
call:stdin_for=3
call:step=10
call:store=1
call:store__Col=4
call:store__ColCount=4
call:store__Corrupt=20
call:store__Db=8
call:store__IdxEnt=8
call:store__Index=4
call:store__NoIndex=8
call:store__NoTable=4
call:store__NotWritten=4
call:store__StoreHdr=4
call:store__Table=8
call:store__TableExists=4
call:store__TypeClash=4
call:store__VInt=8
call:store__VText=4
call:store___build_index=8
call:store___col_pos=4
call:store___find=8
call:store___index_for=4
call:store___lower=8
call:store___place=8
call:store__decode=4
call:store__encode=4
call:store__get_u32=4
call:store__get_u64=4
call:store__need=24
call:store__put_col=4
call:store__put_str=12
call:store__put_u32=20
call:store__put_u64=8
call:store__put_val=4
call:store__table_index=20
call:store__take_col=4
call:store__take_str=12
call:store__take_u32=20
call:store__take_val=4
call:store__ty_name=4
call:store__val_cmp=12
call:store__val_ty=4
call:store_flush=4
call:store_load=6
call:store_new=1
call:store_reply=4
call:str_cmp=1
call:str_of=3
call:streamed=4
call:stress=1
call:stringify=2
call:stringify_delim=1
call:strings__ends_with=65
call:strings__is_space=130
call:strings__slice_ok=130
call:strings__starts_with=65
call:strip=4
call:strip_comment=2
call:strip_h=2
call:strip_underscores=1
call:strx_format_g17=66
call:strx_parse_double=66
call:strx_test_make_locale_hostile=1
call:subdirs=3
call:subj=2
call:sum3=1
call:sum=22
call:sumN=2
call:sum_all=1
call:sum_arr=6
call:sum_cells=1
call:sum_fa=8
call:sum_fix=1
call:sum_list=4
call:sum_pair=2
call:sumbytes=1
call:sumt=2
call:sumv=3
call:sumvals=1
call:sumx=2
call:sw=3
call:swap2=2
call:swap=2
call:swapv=1
call:sweep=1
call:sym_def_line=1
call:sym_describe=2
call:sym_enclosing_fn=3
call:sym_local_defline=1
call:sym_local_type=1
call:sym_param_type=2
call:sys__Cfg=1
call:sys__Tally=1
call:sys__grid=2
call:sys__next=1
call:sys__pick=3
call:sys__run_one=1
call:sys__sys_combat=1
call:sys__sys_decay=1
call:sys__sys_move=1
call:sys__sys_reap=1
call:sys__sys_spawn=2
call:sys_combat=1
call:sys_decay=1
call:sys_move=1
call:sys_reap=1
call:sys_spawn=2
call:sz16fn=1
call:sz=3
call:table_index=5
call:tag2=100
call:tag=105
call:tagged=1
call:take=8
call:take_col=1
call:take_id=1
call:take_int=1
call:take_pairs=1
call:take_pt=1
call:take_pts=1
call:take_rec=1
call:take_rows=1
call:take_str=3
call:take_u32=5
call:take_val=1
call:term_slot=4
call:testing__T=2
call:testing__check=2
call:tlsx_close=3
call:tlsx_connect=3
call:tlsx_connect_timeout=3
call:tlsx_read=3
call:tlsx_set_timeout=3
call:tlsx_write=3
call:tmp_dir=7
call:tmx_sleep_ns=28
call:to_json=6
call:to_num=32
call:to_u32_all=3
call:to_unix=1
call:to_unix_at=2
call:toggle_flag=2
call:tokenize=5
call:toml__TArr=8
call:toml__TBool=4
call:toml__TFloat=2
call:toml__TInt=6
call:toml__TStr=6
call:toml__TTable=26
call:toml__assign=4
call:toml__d2=10
call:toml__digit_ok=4
call:toml__dnum=6
call:toml__find_key_eq=2
call:toml__find_outside_quotes=4
call:toml__has_path=2
call:toml__hex_digit=6
call:toml__index_of=14
call:toml__is_date_head=2
call:toml__is_date_valid=2
call:toml__is_num_start=2
call:toml__is_time_valid=2
call:toml__parse_array=2
call:toml__parse_basic=2
call:toml__parse_key=2
call:toml__parse_number=2
call:toml__parse_value=4
call:toml__place=6
call:toml__split_items=2
call:toml__split_path=2
call:toml__strip_comment=2
call:toml__strip_underscores=2
call:toml__underscores_ok=4
call:too_big=2
call:total=29
call:total_vx=1
call:totals=4
call:touch=19
call:tp16fn=1
call:trace=2
call:trail_lit=2
call:trap=27
call:tree_sum=3
call:trim=6
call:trim_eol=1
call:trim_sp=2
call:trunc=1
call:tstr=2
call:tstrs=2
call:tsum=3
call:tup2=1
call:tup8=1
call:turn=5
call:twhy=4
call:twice=5
call:two=2
call:two_types=3
call:ty_files=6
call:ty_name=2
call:tycho_copy=2
call:tycho_files_equal=1
call:tycho_is_windows=10
call:tycho_life_sleep=1
call:tycho_pkg_mirror=1
call:tycho_read_line=1
call:tycho_read_n=1
call:tycho_remove=8
call:tycho_rename=1
call:tycho_run=16
call:tycho_sleep_ms=1
call:tycho_test_float_roundtrip=3
call:tycho_test_float_roundtrip_prec=1
call:tycho_test_make_locale_hostile=2
call:tycho_write=1
call:ul_item=4
call:unbox=4
call:undash=4
call:undash_all=2
call:under=1
call:underscores_ok=2
call:unescape_c=2
call:unknown=1
call:unlink=2
call:unmaybe=2
call:unquote=1
call:unwrap=10
call:unwrap_float2=1
call:unwrap_int=8
call:unwrap_len=3
call:unwrap_str=4
call:up_hex=2
call:update=2
call:ups=1
call:upto=2
call:uri_to_path=2
call:url__decode_impl=6
call:url__encode_impl=6
call:url__is_unreserved=3
call:url__up_hex=6
call:usage=12
call:use_id=2
call:utf8=1
call:utf8__decode=14
call:utf8_len=2
call:uuid__format=2
call:uuid__hex2=2
call:uuid__is_valid=2
call:uuid__lo_hex=4
call:uw=1
call:v_add=4
call:v_dot=6
call:v_len=2
call:v_norm=3
call:v_reflect=2
call:v_scale=11
call:v_sub=4
call:vadd=4
call:val_cmp=3
call:val_ty=1
call:vdot=13
call:verify=1
call:verify_rec=2
call:victim_value=2
call:vis=2
call:visit=2
call:vlen=3
call:vnorm=9
call:vpop=15
call:vpush=14
call:vscale=9
call:vstr=5
call:vsub=7
call:vwhy=20
call:wal__BadLog=9
call:wal__Frame=6
call:wal__Log=3
call:wal__LostPrefix=3
call:wal__NotWritten=15
call:wal__RCreate=3
call:wal__RInsert=3
call:wal__Scan=9
call:wal__Session=3
call:wal__Storage=12
call:wal__WalHdr=3
call:wal___apply=3
call:wal___header=9
call:wal___sync=18
call:wal__checksum=9
call:wal__log_path=3
call:wal__put_rec=6
call:wal__scan=3
call:wal__take_rec=3
call:walk=7
call:walk_args=4
call:walk_free=18
call:wanted=1
call:was_hash=1
call:weekday=2
call:weekday_from_days=2
call:where_line=1
call:which=4
call:whole=1
call:why=38
call:widthPlusHeight=1
call:with_exe=3
call:with_header=2
call:word=2
call:word_at=5
call:words=13
call:work=2
call:worker=14
call:worker_recv=1
call:workers=1
call:world__BadSlot=2
call:world__Dead=2
call:world__Ent=4
call:world__Id=4
call:world__Slot=2
call:world__Stale=2
call:world__World=2
call:world__dense_of=6
call:wrap8=5
call:wrap=13
call:write_bin=1
call:xnext=2
call:xorshift64=4
call:yesno=3
call:yn=115
call:zero=9
call:zeros=5
call:zip__Central=2
call:zip__Eocd=2
call:zip__Local=2
call:zip__Meta=2
call:zip__crc32=6
call:zip__entry_body=2
call:zip__find_eocd=4
call:zip__list=2
call:zip__push_bytes=8
call:zip__push_str=4
call:zn=4
call:zs=1
call:zwhy=5
call:zx_compress=7
call:zx_decompress=7
call:zx_raw_deflate=7
call:zx_raw_inflate=7
callval=203
const:ACCEPT_BACKOFF_MS=3
const:ADD_BIG=1
const:B31=1
const:B31_MUL=1
const:B32=1
const:B32_MUL=1
const:B32_SHL=1
const:BASE=10
const:BITS=1
const:BLACK=19
const:COL_KEY=2
const:COL_TEXT=2
const:DEF_CONN_MS=2
const:DEF_FIRST_MS=2
const:DEF_HOST=4
const:DEF_IDLE_MS=4
const:DEF_PORT=4
const:DEF_WORKERS=2
const:DIV_BIG=1
const:DIV_SCALE=1
const:Debug=3
const:ENABLED=1
const:END=2
const:Error=3
const:FNV_OFF=1
const:FNV_PRIME=1
const:FREEZING=2
const:FS_EXISTS=1
const:FS_UNSUP=1
const:FUTURE=1
const:GREET=2
const:GREETING=1
const:HALF_UP=3
const:HDR=3
const:HEAD_SLICE_MS=1
const:HUGE_POS=1
const:IDLE_MS=1
const:IMAX=1
const:IMAX_M1=1
const:IMG_BADDIMS=1
const:IMG_CORRUPT=1
const:IMG_EMPTY=1
const:IMG_NOTPNG=1
const:IMG_OK=1
const:IMG_SHORTPX=1
const:IMG_TOOBIG=1
const:IMIN=1
const:INT_MAX=1
const:INT_MAX_DIV10=2
const:INT_MAX_LAST=1
const:Info=2
const:JE_BYTE=1
const:JE_COLON=2
const:JE_COMMA=3
const:JE_CTRL=3
const:JE_ESCAPE=2
const:JE_FLOAT=3
const:JE_KEY=2
const:JE_KEYWORD=4
const:JE_NUMBER=2
const:JE_OK=11
const:JE_RANGE=2
const:JE_SEP=3
const:JE_STUCK=3
const:JE_SURR=4
const:JE_TRAIL=1
const:JE_TRUNC=11
const:JE_UESC=2
const:JE_UTF8=3
const:JE_ZERO=2
const:KB=2
const:KGROUP=3
const:KRAN=4
const:KS=8
const:KSKIP=2
const:KSOURCE=4
const:K_BOOL=6
const:K_CAPTURE=6
const:K_CONST=4
const:K_DEC=4
const:K_GLOBAL=20
const:K_IMM=3
const:K_INT=8
const:K_INTERNAL=14
const:K_LEAF=13
const:K_LOCAL=20
const:K_NONE=60
const:K_NULL=8
const:K_PC=6
const:K_PRIM=8
const:K_SLOT=3
const:K_STR=5
const:LOG_FIELD=2
const:M32=2
const:M=23
const:MAGIC=9
const:MASK=1
const:MASK_BIG=1
const:MATE=10
const:MAX=1
const:MAXCELLS=1
const:MAXFRAMES=3
const:MAXMARKS=3
const:MAXSLOTS=1
const:MAX_ACCEPT_FAILS=2
const:MAX_CONNS=2
const:MAX_HEAD=1
const:MAX_LINE=2
const:MAX_PX=2
const:MAX_REQS=1
const:MAX_REQUEST=1
const:MAX_SLOTS=4
const:MB=2
const:MD_MAX_NEST=2
const:MFOOTER=5
const:MIN=9
const:MOD=1
const:MOD_BIG=1
const:MUL_BIG=1
const:NCHUNKS=4
const:NEG=1
const:NEWLINE=1
const:NODE_I=1
const:NODE_L=5
const:NOPCODES=1
const:NOT0=1
const:NWORKERS=2
const:OP_ADD=3
const:OP_CALL=2
const:OP_CAR=17
const:OP_CDR=16
const:OP_CONS=20
const:OP_DIE=2
const:OP_DIV=3
const:OP_DUP=4
const:OP_EQ=5
const:OP_EQV=4
const:OP_GT=3
const:OP_HALT=2
const:OP_ISNIL=2
const:OP_JMP=8
const:OP_JNZ=5
const:OP_JZ=4
const:OP_LE=1
const:OP_LOAD=2
const:OP_LOADK=2
const:OP_LT=3
const:OP_MOD=1
const:OP_MUL=3
const:OP_NE=1
const:OP_NIL=34
const:OP_POP=6
const:OP_PRINT=2
const:OP_PRINTS=2
const:OP_PUSH=2
const:OP_RET=2
const:OP_SETCAR=2
const:OP_STORE=2
const:OP_SUB=3
const:OP_TRUTHY=4
const:P62=1
const:P63_NEG=1
const:PF_OK=1
const:PF_OVERFLOW=1
const:PF_UNDERFLOW=1
const:PI=1
const:PL_READY=1
const:PL_TMO=1
const:POLL_TICK_MS=1
const:PRELUDE=4
const:P_BISHOP=13
const:P_KING=8
const:P_KNIGHT=9
const:P_PAWN=14
const:P_QUEEN=12
const:P_ROOK=20
const:RANGE_NONE=8
const:RANGE_OK=4
const:RANGE_UNSAT=4
const:RD_DATA=1
const:RD_EOF=1
const:RD_TMO=1
const:READ_CHUNK=1
const:RF_DIR=10
const:RF_MISS=13
const:RF_OK=13
const:ROOT=3
const:R_BOOL=1
const:R_CREATE=2
const:R_INSERT=2
const:R_NULL=2
const:R_NUM=1
const:R_STR=1
const:SABSENT=5
const:SCALE=2
const:SCHANGED=3
const:SHIFT_BIG=1
const:SHIFT_HUGE=1
const:SHR_BIG=1
const:SIG_CENTRAL=3
const:SIG_EOCD=2
const:SIG_LOCAL=2
const:SLOTSPERFRAME=15
const:SLOT_I=2
const:SLOT_L=1
const:SNEW=3
const:STACKMAX=3
const:STOUCHED=3
const:SUNCHANGED=2
const:SUPER_L=3
const:SURR_HI_HI=1
const:SURR_HI_LO=2
const:SURR_LO_HI=2
const:SURR_LO_LO=3
const:TERM=2
const:TOML_INT_MIN=2
const:TOWARD_ZERO=2
const:TRAILER=4
const:T_DEC=2
const:T_EOF=2
const:T_IDENT=5
const:T_INT=3
const:T_NEG=3
const:T_POS=2
const:T_PUNCT=3
const:T_STR=4
const:T_TEXT=2
const:VERSION=6
const:VS=2
const:W=1
const:WHITE=28
const:WIDTH=2
const:WRAP_HI=1
const:WRAP_LO=1
const:Warn=3
const:ZD_CORRUPT=1
const:ZD_OK=2
const:ZD_TOOBIG=1
const:ZD_TRUNCATED=1
const:bignum__BASE=60
const:bignum__INT_MAX=6
const:bignum__WIDTH=12
const:build__KGROUP=3
const:build__KRAN=4
const:build__KSKIP=2
const:build__KSOURCE=4
const:build__SABSENT=5
const:build__SCHANGED=3
const:build__SNEW=3
const:build__STOUCHED=3
const:build__SUNCHANGED=2
const:compress__ZD_CORRUPT=6
const:compress__ZD_OK=12
const:compress__ZD_TOOBIG=6
const:compress__ZD_TRUNCATED=6
const:decimal__HALF_UP=9
const:decimal__TOWARD_ZERO=6
const:httpd__MAX_REQUEST=5
const:image__IMG_BADDIMS=2
const:image__IMG_CORRUPT=2
const:image__IMG_EMPTY=2
const:image__IMG_NOTPNG=2
const:image__IMG_OK=2
const:image__IMG_SHORTPX=2
const:image__IMG_TOOBIG=2
const:io__FS_EXISTS=39
const:io__FS_UNSUP=39
const:io__RF_DIR=390
const:io__RF_MISS=507
const:io__RF_OK=507
const:json__INT_MAX_DIV10=12
const:json__INT_MAX_LAST=6
const:json__JE_BYTE=6
const:json__JE_COLON=12
const:json__JE_COMMA=18
const:json__JE_CTRL=18
const:json__JE_ESCAPE=12
const:json__JE_FLOAT=18
const:json__JE_KEY=12
const:json__JE_KEYWORD=24
const:json__JE_NUMBER=12
const:json__JE_OK=66
const:json__JE_RANGE=12
const:json__JE_SEP=18
const:json__JE_STUCK=18
const:json__JE_SURR=24
const:json__JE_TRAIL=6
const:json__JE_TRUNC=66
const:json__JE_UESC=12
const:json__JE_UTF8=18
const:json__JE_ZERO=12
const:json__SURR_HI_HI=6
const:json__SURR_HI_LO=12
const:json__SURR_LO_HI=12
const:json__SURR_LO_LO=18
const:log__Debug=6
const:log__Error=6
const:log__Info=4
const:log__Warn=6
const:markdown__MD_MAX_NEST=6
const:net__PL_READY=11
const:net__PL_TMO=11
const:net__RD_DATA=11
const:net__RD_EOF=11
const:net__RD_TMO=11
const:pool__MAX_SLOTS=8
const:raster__MAX_PX=6
const:srv__END=2
const:srv__MAX_LINE=2
const:srv__READ_CHUNK=1
const:store__COL_KEY=8
const:store__COL_TEXT=8
const:store__MAGIC=8
const:store__T_NEG=12
const:store__T_POS=8
const:store__T_TEXT=8
const:store__VERSION=8
const:strings__PF_OK=65
const:strings__PF_OVERFLOW=65
const:strings__PF_UNDERFLOW=65
const:toml__TOML_INT_MIN=4
const:wal__FNV_OFF=3
const:wal__FNV_PRIME=3
const:wal__HDR=9
const:wal__M32=6
const:wal__MAGIC=6
const:wal__R_CREATE=6
const:wal__R_INSERT=6
const:wal__VERSION=6
const:zip__SIG_CENTRAL=6
const:zip__SIG_EOCD=4
const:zip__SIG_LOCAL=4
field=7544
fnval:add8=1
fnval:add=1
fnval:add_one=2
fnval:addi=1
fnval:addlen=3
fnval:bang=2
fnval:dbl=5
fnval:dept_then_pay=1
fnval:even=3
fnval:first_desc=1
fnval:half=2
fnval:httpd__Failed=1
fnval:httpd__Malformed=3
fnval:httpd__TooLarge=1
fnval:inc=4
fnval:io__Failed=4
fnval:io__NotFound=2
fnval:itos=1
fnval:json__JNull=1
fnval:keep_even=2
fnval:keep_long=4
fnval:net__Eof=8
fnval:net__Failed=1
fnval:net__Timeout=7
fnval:never_fails=1
fnval:nonempty=1
fnval:ok_word=2
fnval:shout=3
fnval:small_only=2
fnval:stamp=4
fnval:store__ColInt=3
fnval:store__ColText=3
fnval:team_then_oldest=1
fnval:to_wrapped=2
fnval:triple=2
fnval:weigh=1
fnval:wrap=2
isvar:ColInt=5
isvar:ColText=5
isvar:Empty=4
isvar:Err=17
isvar:Keep=2
isvar:Miss=2
isvar:NoDigits=4
isvar:None=2
isvar:Ok=16
isvar:Some=18
isvar:TEnd=5
isvar:TwoPoints=4
isvar:TyInt=5
isvar:VInt=5
isvar:VNull=4
isvar:VPair=2
isvar:VStr=4
local=104851
method:add=1
method:area=1
method:at=9
method:bump=1
method:cb=1
method:char_at=1
method:check=2
method:dbl=4
method:dot=1
method:doubled=1
method:edge=34
method:find=1
method:first=1
method:firstof=1
method:get=188
method:hp=32
method:keep=2
method:keys=1
method:len=16
method:norm1=1
method:pop=4
method:push=2
method:px=14
method:py=14
method:scaled=1
method:send=2
method:split=2
method:substr=1
method:to_float=1
method:wait=4
pkgcall:arrays__concat=1
pkgcall:arrays__contains=5
pkgcall:arrays__count=2
pkgcall:arrays__dedup=2
pkgcall:arrays__drop=4
pkgcall:arrays__fill=3
pkgcall:arrays__index_of=2
pkgcall:arrays__is_sorted=2
pkgcall:arrays__join=38
pkgcall:arrays__max=5
pkgcall:arrays__min=4
pkgcall:arrays__product=1
pkgcall:arrays__reverse=3
pkgcall:arrays__sort=8
pkgcall:arrays__sum=4
pkgcall:arrays__take=3
pkgcall:base64__decode=9
pkgcall:base64__encode=13
pkgcall:base64__encode_url=3
pkgcall:bignum__abs=18
pkgcall:bignum__add=14
pkgcall:bignum__cmp=28
pkgcall:bignum__div=14
pkgcall:bignum__divmod=5
pkgcall:bignum__from_int=95
pkgcall:bignum__from_str=25
pkgcall:bignum__is_zero=9
pkgcall:bignum__mod=9
pkgcall:bignum__mul=19
pkgcall:bignum__neg=9
pkgcall:bignum__pow=14
pkgcall:bignum__sub=2
pkgcall:bignum__to_int=4
pkgcall:bignum__to_str=46
pkgcall:buf__byte_count=2
pkgcall:buf__cp_count=1
pkgcall:buf__cur_cp_col=1
pkgcall:buf__del_back=1
pkgcall:buf__del_fwd=1
pkgcall:buf__down=1
pkgcall:buf__err_str=3
pkgcall:buf__from_text=2
pkgcall:buf__from_text_gap=2
pkgcall:buf__goto=1
pkgcall:buf__home=1
pkgcall:buf__insert=2
pkgcall:buf__left=1
pkgcall:buf__line_count=3
pkgcall:buf__line_end=1
pkgcall:buf__newline=2
pkgcall:buf__redo=1
pkgcall:buf__redo_depth=1
pkgcall:buf__right=1
pkgcall:buf__sync=3
pkgcall:buf__undo=1
pkgcall:buf__undo_bytes=1
pkgcall:buf__undo_depth=2
pkgcall:buf__up=1
pkgcall:build__build=1
pkgcall:build__err_str=1
pkgcall:cell__Ast=2
pkgcall:cell__COLS=20
pkgcall:cell__Cycle=2
pkgcall:cell__bad=2
pkgcall:cell__boolean=4
pkgcall:cell__deps_of=2
pkgcall:cell__detail_value=3
pkgcall:cell__empty=8
pkgcall:cell__env_new=2
pkgcall:cell__env_set=4
pkgcall:cell__eval=2
pkgcall:cell__key=4
pkgcall:cell__num=2
pkgcall:cell__parse=2
pkgcall:cell__parse_err_str=2
pkgcall:cell__parse_num=3
pkgcall:cell__ref_name=11
pkgcall:cell__ref_of=1
pkgcall:cell__render=1
pkgcall:cell__text=2
pkgcall:char__digit_val=3
pkgcall:char__hex_val=29
pkgcall:char__is_alnum=3
pkgcall:char__is_alpha=13
pkgcall:char__is_digit=18
pkgcall:char__is_hex=2
pkgcall:char__is_lower=1
pkgcall:char__is_space=7
pkgcall:char__is_upper=1
pkgcall:char__to_lower=1
pkgcall:char__to_upper=2
pkgcall:cli__Cli=6
pkgcall:cli__argv=28
pkgcall:cli__count=4
pkgcall:cli__flag=21
pkgcall:cli__get=43
pkgcall:cli__has=4
pkgcall:cli__missing=7
pkgcall:cli__parse=7
pkgcall:cli__parse_checked=6
pkgcall:cli__parse_spec=10
pkgcall:cli__positionals=5
pkgcall:cli__unknown=12
pkgcall:compress__compress=6
pkgcall:compress__decompress=7
pkgcall:compress__raw_compress=4
pkgcall:compress__raw_decompress=5
pkgcall:crypto__aead_decrypt=4
pkgcall:crypto__aead_encrypt=2
pkgcall:crypto__ct_equal=6
pkgcall:crypto__ed25519_key_from_seed=2
pkgcall:crypto__ed25519_pubkey=2
pkgcall:crypto__ed25519_sign=2
pkgcall:crypto__ed25519_verify=3
pkgcall:crypto__hmac_sha256=1
pkgcall:crypto__key_export_hex=12
pkgcall:crypto__key_free=20
pkgcall:crypto__key_from_hex=2
pkgcall:crypto__key_len=3
pkgcall:crypto__key_random=3
pkgcall:crypto__pbkdf2_sha256=5
pkgcall:crypto__random_hex=2
pkgcall:crypto__sha256=2
pkgcall:crypto__sha512=1
pkgcall:crypto__x25519_key_from_secret=3
pkgcall:crypto__x25519_key_random=1
pkgcall:crypto__x25519_pubkey=4
pkgcall:crypto__x25519_shared=4
pkgcall:csv__get=9
pkgcall:csv__parse=13
pkgcall:csv__stringify=10
pkgcall:datetime__days_from_civil=2
pkgcall:datetime__days_in_month=5
pkgcall:datetime__format_iso=8
pkgcall:datetime__format_iso_tz=4
pkgcall:datetime__format_offset=4
pkgcall:datetime__from_unix=5
pkgcall:datetime__from_unix_at=5
pkgcall:datetime__is_leap=5
pkgcall:datetime__local_offset=1
pkgcall:datetime__month_name=3
pkgcall:datetime__month_num=3
pkgcall:datetime__now_local=1
pkgcall:datetime__now_utc=1
pkgcall:datetime__offset_at=5
pkgcall:datetime__ok=14
pkgcall:datetime__pad2=7
pkgcall:datetime__pad4=2
pkgcall:datetime__parse_clf=6
pkgcall:datetime__parse_clf_tz=3
pkgcall:datetime__parse_iso=7
pkgcall:datetime__parse_iso_tz=4
pkgcall:datetime__to_unix=6
pkgcall:datetime__to_unix_at=1
pkgcall:datetime__weekday=1
pkgcall:datetime__weekday_name=5
pkgcall:decimal__abs=1
pkgcall:decimal__add=5
pkgcall:decimal__cmp=4
pkgcall:decimal__div=7
pkgcall:decimal__err_str=1
pkgcall:decimal__from_int=7
pkgcall:decimal__from_str=35
pkgcall:decimal__from_str_checked=5
pkgcall:decimal__half_up=16
pkgcall:decimal__mul=4
pkgcall:decimal__neg=2
pkgcall:decimal__rescale=4
pkgcall:decimal__sub=3
pkgcall:decimal__to_str=35
pkgcall:decimal__toward_zero=12
pkgcall:diff__script=1
pkgcall:diff__step_str=1
pkgcall:diff__unified=1
pkgcall:doc__add=1
pkgcall:doc__empty=1
pkgcall:doc__join=1
pkgcall:doc__of=1
pkgcall:doc__render=1
pkgcall:exec__err_str=3
pkgcall:exec__run=3
pkgcall:fmath__approx_eq=3
pkgcall:fmath__e=1
pkgcall:fmath__lerp=2
pkgcall:fmath__pi=1
pkgcall:fmath__round=4
pkgcall:fmath__trunc=3
pkgcall:graph__Graph=1
pkgcall:graph__collect=1
pkgcall:graph__dep_names=1
pkgcall:graph__deps_at=12
pkgcall:graph__describe=1
pkgcall:graph__edge_count=1
pkgcall:graph__err_str=2
pkgcall:graph__name_at=13
pkgcall:graph__names_at=1
pkgcall:graph__node_count=8
pkgcall:graph__order_idx=1
pkgcall:graph__parse=1
pkgcall:graph__plan=2
pkgcall:graph__recipe_at=3
pkgcall:graph__recipe_count=1
pkgcall:graph__rule_count=1
pkgcall:graph__run=1
pkgcall:graph__run_try=1
pkgcall:graph__sinks=1
pkgcall:graph__sources=1
pkgcall:graph__with_cap=1
pkgcall:hash__crc32=7
pkgcall:hash__djb2=3
pkgcall:hash__fnv1a_32=5
pkgcall:hash__sdbm=4
pkgcall:hash__to_hex=12
pkgcall:hex__decode=11
pkgcall:hex__encode=13
pkgcall:hex__encode_upper=2
pkgcall:hex__is_valid=6
pkgcall:http__body=4
pkgcall:http__body_bytes=1
pkgcall:http__get=5
pkgcall:http__get_body=2
pkgcall:http__get_status=1
pkgcall:http__ok=3
pkgcall:http__post=1
pkgcall:http__release=6
pkgcall:http__status=4
pkgcall:httpd__bad_request=2
pkgcall:httpd__bodyless=1
pkgcall:httpd__connection_close=11
pkgcall:httpd__content_length_conflict=1
pkgcall:httpd__content_type=13
pkgcall:httpd__crlf=1
pkgcall:httpd__has_ext=5
pkgcall:httpd__header=11
pkgcall:httpd__parse_request=10
pkgcall:httpd__read_request=10
pkgcall:httpd__read_request_resume=1
pkgcall:httpd__reason_phrase=1
pkgcall:httpd__render=3
pkgcall:httpd__render_head=1
pkgcall:httpd__response=8
pkgcall:httpd__text_response=16
pkgcall:httpd__trim=1
pkgcall:httpd__with_body=1
pkgcall:httpd__with_connection=3
pkgcall:httpd__with_header=28
pkgcall:httpd__write_response=9
pkgcall:image__decode=4
pkgcall:image__encode=4
pkgcall:image__make=5
pkgcall:intern__Interner=5
pkgcall:intern__count=6
pkgcall:intern__get=8
pkgcall:intern__intern=13
pkgcall:io__append=5
pkgcall:io__append_text=3
pkgcall:io__close_lines=3
pkgcall:io__copy=4
pkgcall:io__exists=34
pkgcall:io__fold_lines=3
pkgcall:io__is_dir=14
pkgcall:io__list=11
pkgcall:io__list_checked=2
pkgcall:io__make_dir=9
pkgcall:io__make_dir_all=6
pkgcall:io__mtime=14
pkgcall:io__open_lines=4
pkgcall:io__read=27
pkgcall:io__read_at=13
pkgcall:io__read_bytes=35
pkgcall:io__read_line=5
pkgcall:io__read_lines=13
pkgcall:io__read_text=15
pkgcall:io__remove=25
pkgcall:io__set_mtime=6
pkgcall:io__size=8
pkgcall:io__sync=9
pkgcall:io__write=23
pkgcall:io__write_at=10
pkgcall:io__write_bytes=25
pkgcall:io__write_lines=7
pkgcall:iter__any=2
pkgcall:iter__count=3
pkgcall:iter__filter=2
pkgcall:iter__map=8
pkgcall:iter__reduce=3
pkgcall:iter__try_filter=2
pkgcall:iter__try_map=2
pkgcall:json__JArr=2
pkgcall:json__JBool=2
pkgcall:json__JFloat=1
pkgcall:json__JNum=2
pkgcall:json__JStr=2
pkgcall:json__as_bool=2
pkgcall:json__as_float=8
pkgcall:json__as_lexeme=5
pkgcall:json__as_num=10
pkgcall:json__as_str=33
pkgcall:json__at=6
pkgcall:json__err_offset=2
pkgcall:json__err_reason=1
pkgcall:json__err_str=4
pkgcall:json__get=31
pkgcall:json__keys=6
pkgcall:json__kind=22
pkgcall:json__len_of=7
pkgcall:json__parse=56
pkgcall:json__parse_checked=94
pkgcall:json__stringify=9
pkgcall:log__debug=3
pkgcall:log__error=11
pkgcall:log__info=5
pkgcall:log__init=4
pkgcall:log__level_error=2
pkgcall:log__level_info=2
pkgcall:log__level_warn=1
pkgcall:log__warn=4
pkgcall:markdown__esc=1
pkgcall:markdown__render=26
pkgcall:math__abs=5
pkgcall:math__clamp=7
pkgcall:math__gcd=9
pkgcall:math__ipow=6
pkgcall:math__max=4
pkgcall:math__min=3
pkgcall:math__sign=16
pkgcall:md5__digest=2
pkgcall:md5__hex=9
pkgcall:money__account=1
pkgcall:money__add=2
pkgcall:money__cents=1
pkgcall:money__name_of=1
pkgcall:money__rate=2
pkgcall:money__scale=1
pkgcall:money__show=2
pkgcall:money__zero=1
pkgcall:net__accept=17
pkgcall:net__accept_wait=2
pkgcall:net__close_fd=45
pkgcall:net__connect=16
pkgcall:net__listen=12
pkgcall:net__peer_addr=1
pkgcall:net__port_of=11
pkgcall:net__read=18
pkgcall:net__set_read_timeout_ms=5
pkgcall:net__udp_bind=2
pkgcall:net__udp_read=1
pkgcall:net__udp_send=2
pkgcall:net__wait_readable=6
pkgcall:net__write=28
pkgcall:num__count=2
pkgcall:num__max_of=1
pkgcall:num__mean=1
pkgcall:num__min_of=1
pkgcall:num__total=2
pkgcall:os__exec=7
pkgcall:os__exec_out=7
pkgcall:os__run=37
pkgcall:os__system=8
pkgcall:path__base=10
pkgcall:path__clean=14
pkgcall:path__dir=16
pkgcall:path__ext=7
pkgcall:path__is_abs=3
pkgcall:path__join=21
pkgcall:path__real=1
pkgcall:path__resolve_under=1
pkgcall:path__safe_join=10
pkgcall:path__split_path=1
pkgcall:path__stem=5
pkgcall:pipe__Tally=1
pkgcall:pipe__count_of=2
pkgcall:pipe__distinct=1
pkgcall:pipe__fold=1
pkgcall:pipe__group_into=1
pkgcall:pipe__keep=1
pkgcall:pipe__to=1
pkgcall:plan__build=6
pkgcall:plan__err_str=3
pkgcall:plan__show=6
pkgcall:pool__Pool=2
pkgcall:pool__add=6
pkgcall:pool__alive=5
pkgcall:pool__count=6
pkgcall:pool__get=9
pkgcall:pool__live=1
pkgcall:pool__remove=2
pkgcall:pool__set=3
pkgcall:rand__below=6
pkgcall:rand__next=7
pkgcall:rand__seed=9
pkgcall:rand__shuffle=2
pkgcall:raster__decode_bmp=4
pkgcall:raster__decode_qoi=6
pkgcall:raster__encode_bmp=2
pkgcall:raster__encode_qoi=3
pkgcall:raster__make=3
pkgcall:raster__too_big=5
pkgcall:regex__compile=9
pkgcall:regex__find=4
pkgcall:regex__find_end=2
pkgcall:regex__group=6
pkgcall:regex__group_start=2
pkgcall:regex__groups=3
pkgcall:regex__is_match=7
pkgcall:regex__matched=3
pkgcall:regex__ngroups=1
pkgcall:regex__ok=6
pkgcall:regex__release=7
pkgcall:result__err_or=7
pkgcall:result__is_err=8
pkgcall:result__is_ok=4
pkgcall:result__is_some=2
pkgcall:result__map_err=3
pkgcall:result__map_err_with=2
pkgcall:result__some_or=5
pkgcall:result__unwrap_or=51
pkgcall:sha256__digest=2
pkgcall:sha256__final_hex=4
pkgcall:sha256__hex=18
pkgcall:sha256__init=4
pkgcall:sha256__update=4
pkgcall:sheet__dump=1
pkgcall:sheet__get=1
pkgcall:sheet__new=1
pkgcall:sheet__recalc=1
pkgcall:sheet__set=3
pkgcall:signal__on_shutdown=3
pkgcall:signal__register_conn=1
pkgcall:signal__retire_conn=1
pkgcall:signal__shutdown_requested=6
pkgcall:sort__argsort=6
pkgcall:sort__argsort_desc=6
pkgcall:sort__asc=13
pkgcall:sort__by_key=1
pkgcall:sort__desc=1
pkgcall:sort__sort_by=6
pkgcall:sql__And=8
pkgcall:sql__err_str=3
pkgcall:sql__holds=7
pkgcall:sql__parse=3
pkgcall:sql__show=4
pkgcall:sql__show_expr=14
pkgcall:sql__ty_name=3
pkgcall:sqlite__Db=3
pkgcall:sqlite__close=3
pkgcall:sqlite__exec=6
pkgcall:sqlite__exec_params=4
pkgcall:sqlite__open=3
pkgcall:sqlite__query=6
pkgcall:sqlite__query_params=2
pkgcall:srv__close_conn=3
pkgcall:srv__connect=1
pkgcall:srv__err_str=5
pkgcall:srv__listen=1
pkgcall:srv__request=2
pkgcall:srv__serve_forever=1
pkgcall:stage__Failed=2
pkgcall:stage__Item=8
pkgcall:stage__check_cancelled=2
pkgcall:stage__check_link=5
pkgcall:stage__drain=6
pkgcall:stage__err_str=6
pkgcall:stage__filter=2
pkgcall:stage__guard=3
pkgcall:stage__pool=4
pkgcall:stage__reduce_sum=1
pkgcall:stage__reorder=6
pkgcall:stage__source=7
pkgcall:stage__source_cancellable=3
pkgcall:stage__source_probed=1
pkgcall:stage__transform=1
pkgcall:stage__try_transform=2
pkgcall:store__Col=3
pkgcall:store__Corrupt=4
pkgcall:store__Db=4
pkgcall:store__VInt=3
pkgcall:store__VText=3
pkgcall:store__columns=3
pkgcall:store__create_table=7
pkgcall:store__err_str=7
pkgcall:store__flush=4
pkgcall:store__indexed_cols=3
pkgcall:store__insert=7
pkgcall:store__need=4
pkgcall:store__open=4
pkgcall:store__probe=3
pkgcall:store__put_col=4
pkgcall:store__put_str=8
pkgcall:store__put_u32=8
pkgcall:store__put_val=4
pkgcall:store__scan=3
pkgcall:store__take_col=4
pkgcall:store__take_str=4
pkgcall:store__take_u32=4
pkgcall:store__take_val=4
pkgcall:store__val_cmp=3
pkgcall:store__val_str=3
pkgcall:store__val_ty=6
pkgcall:strings__capitalize=2
pkgcall:strings__contains=8
pkgcall:strings__count=3
pkgcall:strings__ends_with=5
pkgcall:strings__lines=109
pkgcall:strings__pad_left=24
pkgcall:strings__pad_right=14
pkgcall:strings__parse_float=40
pkgcall:strings__parse_int=41
pkgcall:strings__parse_int_checked=32
pkgcall:strings__repeat=14
pkgcall:strings__replace=12
pkgcall:strings__reverse=1
pkgcall:strings__slice_bytes=1
pkgcall:strings__slice_str=1
pkgcall:strings__split_once=19
pkgcall:strings__starts_with=74
pkgcall:strings__strip_prefix=1
pkgcall:strings__strip_suffix=9
pkgcall:strings__to_lower=4
pkgcall:strings__to_upper=24
pkgcall:strings__trim=114
pkgcall:sys__Rng=2
pkgcall:sys__Tally=1
pkgcall:sys__all_on=1
pkgcall:sys__order=1
pkgcall:sys__pick=5
pkgcall:sys__seed=1
pkgcall:sys__tick=1
pkgcall:testing__check=15
pkgcall:testing__eq=17
pkgcall:testing__new=3
pkgcall:testing__report=3
pkgcall:time__elapsed_ms=14
pkgcall:time__elapsed_ns=2
pkgcall:time__elapsed_us=7
pkgcall:time__ns_to_ms=2
pkgcall:time__ns_to_s=2
pkgcall:time__ns_to_us=2
pkgcall:time__sleep_ms=8
pkgcall:time__sleep_ns=2
pkgcall:time__start=22
pkgcall:time__unix_secs=1
pkgcall:tls__close_conn=2
pkgcall:tls__connect=2
pkgcall:tls__ok=2
pkgcall:tls__read=2
pkgcall:tls__write=2
pkgcall:toml__empty_table=1
pkgcall:toml__get=20
pkgcall:toml__parse=4
pkgcall:url__decode=9
pkgcall:url__decode_form=4
pkgcall:url__encode=9
pkgcall:url__encode_form=3
pkgcall:utf8__count=7
pkgcall:utf8__decode=12
pkgcall:utf8__encode=8
pkgcall:utf8__valid=11
pkgcall:uuid__format=2
pkgcall:uuid__is_valid=3
pkgcall:uuid__nil=2
pkgcall:uuid__parse=3
pkgcall:uuid__v4=5
pkgcall:uuid__version=4
pkgcall:wal__RCreate=3
pkgcall:wal__RInsert=3
pkgcall:wal__append=6
pkgcall:wal__checkpoint=3
pkgcall:wal__err_str=8
pkgcall:wal__open_db=2
pkgcall:world__checksum=3
pkgcall:world__damage=1
pkgcall:world__despawn=5
pkgcall:world__err_str=7
pkgcall:world__free_count=1
pkgcall:world__get=6
pkgcall:world__id_at=2
pkgcall:world__id_str=5
pkgcall:world__live=15
pkgcall:world__new=4
pkgcall:world__slot_at=8
pkgcall:world__slot_count=1
pkgcall:world__spawn_at=6
pkgcall:world__total_hp=4
pkgcall:zip__Entry=7
pkgcall:zip__crc32=2
pkgcall:zip__create=3
pkgcall:zip__extract=7
pkgcall:zip__list=6
pkgmember:httpd__Failed=1
pkgmember:httpd__Malformed=3
pkgmember:httpd__TooLarge=1
pkgmember:io__Failed=4
pkgmember:io__NotFound=2
pkgmember:json__JNull=1
pkgmember:net__Eof=8
pkgmember:net__Failed=1
pkgmember:net__Timeout=7
pkgmember:store__ColInt=3
pkgmember:store__ColText=3
variant:Accept=1
variant:AtEnd=3
variant:AtStart=3
variant:BadAddr=2
variant:BadDims=1
variant:BadPath=16
variant:Blue=7
variant:Branch=1
variant:Closed=2
variant:ColInt=1
variant:ColText=1
variant:Corrupt=2
variant:DivByZero=1
variant:DivZero=12
variant:Dot=5
variant:Empty=19
variant:EmptyInput=1
variant:Eof=1
variant:Exists=1
variant:Failed=26
variant:Garbage=3
variant:Green=5
variant:Halt=1
variant:IStar=1
variant:Inverted=1
variant:Io=1
variant:IsDir=7
variant:JNull=49
variant:KChar=4
variant:KComment=4
variant:KFStr=5
variant:KFloat=5
variant:KIdent=7
variant:KInt=4
variant:KNL=3
variant:KOp=2
variant:KStr=6
variant:KWS=8
variant:LParen=1
variant:Leaf=5
variant:Malformed=3
variant:Miss=2
variant:NoDigits=1
variant:NoInput=4
variant:NoRows=1
variant:Nope=8
variant:NotFound=13
variant:NotPng=1
variant:NothingToRedo=1
variant:NothingToUndo=1
variant:OutOfBounds=1
variant:OutOfRange=2
variant:Overflow=1
variant:Plain=2
variant:Red=9
variant:Scan=3
variant:ShortPixels=1
variant:Syntax=5
variant:TEnd=1
variant:Timeout=5
variant:TooBig=2
variant:TooLarge=3
variant:Truncated=1
variant:TwoPoints=1
variant:TyInt=1
variant:TyText=1
variant:Underflow=1
variant:Unsupported=1
variant:VNil=30
variant:VNull=6
variant:Worse=7
variant:buf__AtEnd=3
variant:buf__AtStart=3
variant:buf__NothingToRedo=1
variant:buf__NothingToUndo=1
variant:cell__DivZero=6
variant:cell__Empty=8
variant:cell__NoInput=2
variant:compress__Corrupt=6
variant:compress__Failed=6
variant:compress__TooBig=6
variant:compress__Truncated=6
variant:decimal__DivByZero=3
variant:decimal__Empty=3
variant:decimal__Garbage=3
variant:decimal__NoDigits=3
variant:decimal__TwoPoints=3
variant:httpd__Closed=10
variant:httpd__Failed=10
variant:httpd__Malformed=15
variant:httpd__Timeout=10
variant:httpd__TooLarge=15
variant:image__BadDims=2
variant:image__Corrupt=2
variant:image__Empty=2
variant:image__Failed=2
variant:image__NotPng=2
variant:image__ShortPixels=2
variant:image__TooBig=2
variant:io__BadPath=624
variant:io__Exists=39
variant:io__Failed=507
variant:io__IsDir=234
variant:io__NotFound=468
variant:io__Unsupported=39
variant:json__JNull=156
variant:net__BadAddr=22
variant:net__Eof=11
variant:net__Failed=99
variant:net__Timeout=33
variant:plan__NoRows=3
variant:plan__Scan=9
variant:sql__TEnd=4
variant:sql__TyInt=4
variant:sql__TyText=4
variant:srv__Accept=1
variant:store__ColInt=4
variant:store__ColText=4
variant:strings__Empty=65
variant:strings__EmptyInput=65
variant:strings__Garbage=130
variant:strings__Inverted=65
variant:strings__OutOfBounds=65
variant:strings__OutOfRange=130
variant:strings__Overflow=65
variant:strings__Syntax=325
variant:strings__Underflow=65
