c:?=475
c:@Account=1
c:@Active=2
c:@Asset=6
c:@BD=5
c:@Bag=6
c:@Bind=42
c:@Board=17
c:@Box$@Box$@Id=1
c:@Box$@Box$int=2
c:@Box$@Id=2
c:@Box$@Point=2
c:@Box$int=28
c:@Box$string=12
c:@Box16$int,int,int,int,int,int,int,int,int,int,int,int,int,int,int,int=1
c:@Box=23
c:@Cache=1
c:@CallPatch=2
c:@Cell$int=2
c:@Cell=3
c:@Clause=1
c:@Cmd=1
c:@Col=2
c:@Config=3
c:@ConstIdx=1
c:@Count=13
c:@Counts=3
c:@Ctx=3
c:@Done=1
c:@E=5
c:@Edge=9
c:@Emit=4
c:@Entry=1
c:@Env=7
c:@Expr=100
c:@FA=6
c:@Fault=1
c:@Fetch=2
c:@File=2
c:@Flags=2
c:@FnCode=6
c:@FnInfo=10
c:@Frame=3
c:@GBox$tup(int,int)=1
c:@Game=7
c:@Graph=4
c:@Grid=7
c:@Handle=3
c:@Holder$string=1
c:@Holder=2
c:@Id=27
c:@Ids=2
c:@Ins=16
c:@IntBox=1
c:@Item=5
c:@J=3
c:@Job=11
c:@Json=90
c:@K=4
c:@Key=4
c:@LL$int=3
c:@Label=1
c:@Line=1
c:@Local=6
c:@M=1
c:@MP=6
c:@Manifest=2
c:@Maybe$int=1
c:@Member=2
c:@Meta=39
c:@Meters=22
c:@Move=1
c:@Msg=3
c:@Name=3
c:@Named=3
c:@Node=42
c:@Odd=2
c:@Op=1
c:@Ops=1
c:@Opt$@Id=2
c:@Opt$int=5
c:@Opt$string=1
c:@OrdKey=4
c:@P=54
c:@PErr=13
c:@PR=13
c:@PST=3
c:@Page=6
c:@Pair$int,bool=1
c:@Pair$int,string=3
c:@Pair$int=1
c:@Pair=4
c:@Particle=2
c:@Patch=1
c:@Pay8=1
c:@Pc=8
c:@Person=17
c:@Point=44
c:@Pool=2
c:@Pos=1
c:@Posting=3
c:@Program=9
c:@Pt=17
c:@Q=1
c:@Query=1
c:@RErr=26
c:@Ray=2
c:@Rec=3
c:@Rect=1
c:@Res=18
c:@Rng=15
c:@RootRes=1
c:@Route=9
c:@Row=7
c:@Rule=1
c:@S0=4
c:@S10=4
c:@S11=4
c:@S12=4
c:@S13=4
c:@S14=4
c:@S15=4
c:@S16=4
c:@S17=4
c:@S18=4
c:@S19=4
c:@S1=4
c:@S20=4
c:@S21=4
c:@S22=4
c:@S23=4
c:@S24=4
c:@S25=4
c:@S26=4
c:@S27=4
c:@S28=4
c:@S29=4
c:@S2=4
c:@S30=4
c:@S31=4
c:@S32=4
c:@S33=4
c:@S34=4
c:@S35=4
c:@S36=4
c:@S37=4
c:@S38=4
c:@S39=4
c:@S3=4
c:@S40=4
c:@S41=4
c:@S42=4
c:@S43=4
c:@S44=4
c:@S45=4
c:@S46=4
c:@S47=4
c:@S48=4
c:@S49=4
c:@S4=4
c:@S5=4
c:@S6=4
c:@S7=4
c:@S8=4
c:@S9=4
c:@S=2
c:@Seconds=1
c:@Sess=1
c:@Shape=10
c:@Slot=4
c:@SlotIdx=1
c:@Solver=2
c:@Span=2
c:@Sphere=15
c:@Stack$int=1
c:@Stats=1
c:@Step=2
c:@Store=10
c:@TT=2
c:@TTEntry=1
c:@Table=2
c:@Tables=2
c:@Tag=2
c:@Tagged$string=1
c:@Team=1
c:@Tok=65
c:@Tree$int=20
c:@Tree$string=4
c:@Tree=60
c:@Trie=3
c:@TrieNode=2
c:@UserId=12
c:@Val=371
c:@Value=37
c:@Vec3=120
c:@Vec=5
c:@Verdict=47
c:@Why=1
c:@Wrap=3
c:@Wrapped=1
c:@Zob=2
c:@bignum__Big=434
c:@buf__Buf=7
c:@buf__BufErr=12
c:@buf__Cursor=18
c:@buf__Edit=3
c:@buf__Op=6
c:@build__BuildErr=11
c:@build__Job=3
c:@build__Outcome=11
c:@build__Stamp=1
c:@build__Stat=13
c:@cell__Ast=4
c:@cell__CellErr=12
c:@cell__Env=2
c:@cell__Node=12
c:@cell__P=1
c:@cell__ParseErr=17
c:@cell__Tok=32
c:@cell__Value=73
c:@cli__Cli=131
c:@cli__CliErr=54
c:@compress__ZErr=10
c:@datetime__DateTime=197
c:@decimal__Decimal=111
c:@decimal__DivErr=6
c:@diff__Edit=4
c:@diff__Hunk=1
c:@doc__Doc=6
c:@exec__ExecErr=15
c:@exec__Outcome=5
c:@exec__Rows=1
c:@graph__Graph=2
c:@graph__MakeErr=8
c:@graph__Node=1
c:@httpd__ReqErr=6
c:@httpd__Request=34
c:@httpd__Response=118
c:@image__Image=9
c:@image__ImgErr=4
c:@intern__Handle=13
c:@intern__Interner$@Pt,string=1
c:@intern__Interner$arr(int),string=1
c:@intern__Interner$string,int=2
c:@intern__Interner$tup(int,string),int=1
c:@io__IoErr=2
c:@json__Json=288
c:@json__JsonErr=126
c:@log__Logger=6
c:@money__Account=2
c:@money__Cents=8
c:@money__Rate=3
c:@os__Output=85
c:@pipe__Tally$string=1
c:@plan__Access=1
c:@plan__EqKey=2
c:@plan__Folded=10
c:@plan__Plan=5
c:@plan__PlanErr=1
c:@pool__Handle=9
c:@raster__Image=62
c:@sha256__State=28
c:@sheet__Rec=2
c:@sheet__Sheet=2
c:@sql__ColDef=1
c:@sql__Expr=7
c:@sql__SqlErr=12
c:@sql__Stmt=5
c:@sql__Tok=6
c:@sqlite__Db=5
c:@srv__Bound=1
c:@srv__SrvErr=10
c:@stage__FlowErr=2
c:@stage__Item$int=2
c:@stage__Item$string=2
c:@store__Col=2
c:@store__Db=3
c:@store__IdxEnt=2
c:@store__Index=1
c:@store__StoreErr=13
c:@store__Table=2
c:@store__Val=5
c:@sys__Cfg=2
c:@sys__Rng=2
c:@sys__Tally=2
c:@testing__T=5
c:@toml__Value=61
c:@wal__Log=1
c:@wal__Rec=4
c:@wal__Scan=3
c:@wal__Session=1
c:@wal__WalErr=13
c:@world__Ent=3
c:@world__Id=8
c:@world__SimErr=3
c:@world__Slot=1
c:@world__World=5
c:@zip__Entry=7
c:@zip__Meta=2
c:arr(?)=15
c:arr(@Color)=2
c:arr(@Entry)=2
c:arr(@Id)=1
c:arr(@Ins)=8
c:arr(@Job)=1
c:arr(@Move)=7
c:arr(@P)=5
c:arr(@Person)=3
c:arr(@Point)=1
c:arr(@Res)=4
c:arr(@Row)=2
c:arr(@Sphere)=2
c:arr(@Tok)=6
c:arr(@UserId)=1
c:arr(@Val)=2
c:arr(@diff__Edit)=3
c:arr(@diff__Hunk)=2
c:arr(@money__Account)=2
c:arr(@pool__Handle)=1
c:arr(@store__Index)=2
c:arr(@zip__Meta)=8
c:arr(arr(int))=3
c:arr(arr(string))=19
c:arr(float)=5
c:arr(fun(int,int))=1
c:arr(int)=241
c:arr(string)=687
c:arr(tup(int,string))=1
c:arr(u32)=44
c:bnd(2,res(int,string))=1
c:bnd(3,opt(int))=1
c:bnd(4,@Pt)=4
c:bnd(4,int)=3
c:bnd(8,int)=1
c:bool=2327
c:bytes=565
c:char=23
c:f32=15
c:fix(2,@Pt)=2
c:fix(2,int)=2
c:fix(?,@Meta)=1
c:fix(?,int)=1
c:float=232
c:fun(@PR,string,int)=11
c:fun(int,int)=8
c:fun(string,string)=1
c:i16=4
c:i32=3
c:i64=4
c:i8=15
c:int=9242
c:map(int,int)=1
c:map(string,@Bind)=30
c:map(string,@Row)=1
c:map(string,int)=10
c:map(string,string)=2
c:opt(@Expr)=1
c:opt(@plan__EqKey)=1
c:opt(@sql__Expr)=1
c:opt(@toml__Value)=20
c:opt(int)=23
c:opt(opt(int))=1
c:opt(string)=52
c:opt(tup(string,int))=2
c:ptr=133
c:res(@Expr,@PErr)=17
c:res(@Expr,string)=9
c:res(@Item,@PErr)=2
c:res(@Manifest,string)=1
c:res(@OrdKey,@PErr)=2
c:res(@OrdKey,@RErr)=1
c:res(@Pair,@Local)=2
c:res(@Query,@PErr)=1
c:res(@Table,@RErr)=3
c:res(@Tok,@PErr)=2
c:res(@Value,@RErr)=11
c:res(@cell__Ast,@cell__ParseErr)=1
c:res(@cli__Cli,@cli__CliErr)=6
c:res(@decimal__Decimal,@decimal__DecErr)=5
c:res(@decimal__Decimal,@decimal__DivErr)=7
c:res(@exec__Outcome,@exec__ExecErr)=6
c:res(@graph__Graph,@graph__MakeErr)=1
c:res(@httpd__Request,@httpd__ReqErr)=29
c:res(@httpd__Request,@net__NetErr)=1
c:res(@image__Image,@image__ImgErr)=4
c:res(@json__Json,@RErr)=1
c:res(@json__Json,@json__JsonErr)=100
c:res(@plan__Plan,@exec__ExecErr)=2
c:res(@plan__Plan,@plan__PlanErr)=2
c:res(@sql__Expr,@sql__SqlErr)=6
c:res(@sql__Stmt,@sql__SqlErr)=7
c:res(@sqlite__Db,string)=3
c:res(@srv__Bound,@srv__SrvErr)=1
c:res(@store__Col,@store__StoreErr)=2
c:res(@store__Db,@store__StoreErr)=2
c:res(@store__Val,@exec__ExecErr)=5
c:res(@store__Val,@store__StoreErr)=2
c:res(@sys__Tally,string)=1
c:res(@toml__Value,string)=14
c:res(@wal__Rec,@store__StoreErr)=1
c:res(@wal__Scan,@wal__WalErr)=1
c:res(@wal__Session,@wal__WalErr)=2
c:res(@world__Ent,@world__SimErr)=6
c:res(arr(?),?)=2
c:res(arr(?),@stage__FlowErr)=8
c:res(arr(@Rule),string)=1
c:res(arr(@Tok),@PErr)=1
c:res(arr(@cell__Tok),@cell__ParseErr)=1
c:res(arr(@sql__Tok),@sql__SqlErr)=1
c:res(arr(@store__Col),@store__StoreErr)=1
c:res(arr(arr(@store__Val)),@exec__ExecErr)=1
c:res(arr(arr(@store__Val)),@store__StoreErr)=2
c:res(arr(arr(string)),@RErr)=1
c:res(arr(arr(string)),string)=14
c:res(arr(int),?)=2
c:res(arr(int),@graph__MakeErr)=1
c:res(arr(int),string)=8
c:res(arr(string),@RErr)=1
c:res(arr(string),@build__BuildErr)=1
c:res(arr(string),@srv__SrvErr)=3
c:res(arr(string),@store__StoreErr)=1
c:res(bool,@RErr)=6
c:res(bool,@exec__ExecErr)=3
c:res(bool,@io__IoErr)=78
c:res(bool,@srv__SrvErr)=3
c:res(bool,@store__StoreErr)=5
c:res(bool,@wal__WalErr)=9
c:res(bytes,@compress__ZErr)=11
c:res(bytes,@image__ImgErr)=4
c:res(bytes,@io__IoErr)=68
c:res(bytes,@net__NetErr)=15
c:res(bytes,@strings__SliceErr)=1
c:res(float,@cell__CellErr)=9
c:res(float,@strings__FloatErr)=16
c:res(float,string)=7
c:res(int,?)=2
c:res(int,@Local)=12
c:res(int,@PErr)=3
c:res(int,@RErr)=9
c:res(int,@Wrapped)=2
c:res(int,@buf__BufErr)=4
c:res(int,@cell__ParseErr)=14
c:res(int,@exec__ExecErr)=1
c:res(int,@io__IoErr)=21
c:res(int,@net__NetErr)=84
c:res(int,@srv__SrvErr)=3
c:res(int,@store__StoreErr)=12
c:res(int,@strings__IntErr)=22
c:res(int,@wal__WalErr)=2
c:res(int,@world__SimErr)=4
c:res(int,string)=45
c:res(map(string,@build__Stamp),@build__BuildErr)=1
c:res(opt(string),@srv__SrvErr)=2
c:res(ptr,string)=4
c:res(res(void,string),string)=1
c:res(string,@Local)=3
c:res(string,@PErr)=1
c:res(string,@RErr)=1
c:res(string,@io__IoErr)=9
c:res(string,@net__NetErr)=1
c:res(string,@sql__SqlErr)=5
c:res(string,@store__StoreErr)=4
c:res(string,@strings__SliceErr)=1
c:res(string,string)=1
c:res(tup(int,int),string)=2
c:res(void,@Fault)=3
c:res(void,@Local)=6
c:res(void,@buf__BufErr)=33
c:res(void,@io__IoErr)=26
c:res(void,@sql__SqlErr)=8
c:res(void,@srv__SrvErr)=1
c:res(void,@stage__FlowErr)=5
c:res(void,@store__StoreErr)=7
c:res(void,@strings__SliceErr)=96
c:res(void,@world__SimErr)=4
c:res(void,string)=28
c:soa(@Box$string)=1
c:soa(@Particle)=6
c:string=7248
c:tup(@bignum__Big,@bignum__Big)=17
c:tup(arr(@money__Account),arr(@money__Cents))=1
c:tup(arr(int),arr(int))=6
c:tup(arr(int),int)=1
c:tup(bool,int,int)=3
c:tup(bool,opt(int),opt(string))=2
c:tup(float,float)=8
c:tup(float,int)=1
c:tup(int,arr(int))=1
c:tup(int,bool)=10
c:tup(int,float)=3
c:tup(int,int)=35
c:tup(int,int,int)=10
c:tup(int,int,int,int,int,int,int,int)=1
c:tup(int,string)=1
c:tup(res(@httpd__Request,@httpd__ReqErr),string)=11
c:tup(res(arr(int),@Local),string)=2
c:tup(res(int,@Local),string)=5
c:tup(string,arr(int))=2
c:tup(string,int)=3
c:tup(string,string)=26
c:u16=2
c:u32=254
c:u64=3
c:u8=31
c:void=7760
d:?=131
d:@Account=1
d:@Active=2
d:@Asset=2
d:@BD=2
d:@Bag=7
d:@Bind=12
d:@Board=15
d:@Box$@Box$@Id=1
d:@Box$@Box$int=1
d:@Box$@Id=1
d:@Box$@Point=1
d:@Box$int=10
d:@Box$string=4
d:@Box16$int,int,int,int,int,int,int,int,int,int,int,int,int,int,int,int=1
d:@Box=23
d:@Cache=1
d:@CallPatch=2
d:@Cell=1
d:@Clause=1
d:@Config=2
d:@ConstIdx=1
d:@Counts=3
d:@Ctx=4
d:@E=2
d:@Edge=1
d:@Emit=4
d:@Entry=2
d:@Env=2
d:@Expr=42
d:@FA=2
d:@File=2
d:@Flags=2
d:@FnInfo=6
d:@Frame=1
d:@GBox$tup(int,int)=1
d:@Game=7
d:@Graph=4
d:@Grid=2
d:@Handle=2
d:@Holder$string=1
d:@Holder=2
d:@Id=7
d:@Ids=3
d:@IntBox=2
d:@Job=1
d:@Json=13
d:@Key=2
d:@LL$int=3
d:@Local=1
d:@M=1
d:@MP=2
d:@Manifest=1
d:@Maybe$int=2
d:@Meta=4
d:@Meters=3
d:@Move=3
d:@Name=1
d:@Node=43
d:@Op=1
d:@Ops=1
d:@Opt$@Id=2
d:@P=9
d:@PR=1
d:@PST=2
d:@Page=3
d:@Pair$int,bool=1
d:@Pair$int,string=3
d:@Pair$int=1
d:@Pair=1
d:@Particle=1
d:@Patch=1
d:@Pay8=1
d:@Pc=3
d:@Person=8
d:@Point=6
d:@Pool=2
d:@Pos=1
d:@Posting=2
d:@Program=3
d:@Pt=4
d:@Q=1
d:@Ray=2
d:@Rec=2
d:@Rect=1
d:@Res=1
d:@Rng=1
d:@RootRes=1
d:@Route=1
d:@Row=1
d:@S=2
d:@Sess=1
d:@Slot=1
d:@SlotIdx=1
d:@Solver=2
d:@Sphere=3
d:@Stack$int=2
d:@Stack$string=1
d:@Stats=1
d:@Store=7
d:@TKind=2
d:@TT=2
d:@TTEntry=1
d:@Table=1
d:@Tables=2
d:@Tagged$string=1
d:@Team=1
d:@Tok=13
d:@Tree$int=2
d:@Tree=17
d:@Trie=2
d:@UserId=5
d:@Val=68
d:@Value=11
d:@Vec3=34
d:@Vec=3
d:@Verdict=3
d:@Wrap=2
d:@Zob=2
d:@bignum__Big=99
d:@buf__Buf=2
d:@buf__Cursor=4
d:@buf__Edit=2
d:@build__Outcome=2
d:@build__Stat=3
d:@cell__Ast=1
d:@cell__Env=1
d:@cell__Node=15
d:@cell__P=1
d:@cell__Tok=8
d:@cell__Value=7
d:@cli__Cli=48
d:@datetime__DateTime=22
d:@decimal__Decimal=10
d:@graph__Graph=2
d:@httpd__ReqErr=5
d:@httpd__Request=16
d:@httpd__Response=14
d:@image__Image=3
d:@intern__Handle=12
d:@intern__Interner$@Pt,string=1
d:@intern__Interner$arr(int),string=1
d:@intern__Interner$string,int=2
d:@intern__Interner$tup(int,string),int=1
d:@json__Json=17
d:@log__Logger=4
d:@money__Account=1
d:@money__Cents=2
d:@money__Rate=1
d:@os__Output=39
d:@pipe__Tally$string=1
d:@plan__Folded=2
d:@plan__Plan=2
d:@pool__Handle=7
d:@raster__Image=9
d:@sha256__State=20
d:@sheet__Rec=5
d:@sheet__Sheet=1
d:@sql__Expr=6
d:@sql__Stmt=2
d:@sql__Ty=1
d:@sqlite__Db=5
d:@store__Col=2
d:@store__Db=3
d:@store__Index=1
d:@store__Table=2
d:@store__Ty=2
d:@store__Val=6
d:@sys__Cfg=1
d:@sys__Rng=2
d:@sys__Tally=2
d:@testing__T=3
d:@toml__Value=12
d:@wal__Log=3
d:@wal__Scan=1
d:@world__Id=4
d:@world__World=4
d:@zip__Entry=2
d:arr(?)=7
d:arr(@BD)=1
d:arr(@Bag)=1
d:arr(@Box)=2
d:arr(@CallPatch)=2
d:arr(@Cell)=2
d:arr(@Color)=2
d:arr(@Count)=3
d:arr(@Entry)=3
d:arr(@Env)=2
d:arr(@FA)=1
d:arr(@FnCode)=2
d:arr(@FnInfo)=2
d:arr(@Id)=3
d:arr(@Ins)=12
d:arr(@Item)=2
d:arr(@Job)=2
d:arr(@Json)=5
d:arr(@Label)=1
d:arr(@MP)=1
d:arr(@Meters)=4
d:arr(@Move)=9
d:arr(@Named)=2
d:arr(@Node)=2
d:arr(@Opt$int)=1
d:arr(@OrdKey)=2
d:arr(@P)=14
d:arr(@Patch)=1
d:arr(@Person)=5
d:arr(@Point)=3
d:arr(@Posting)=3
d:arr(@Pt)=1
d:arr(@Res)=6
d:arr(@RootRes)=1
d:arr(@Row)=4
d:arr(@Rule)=2
d:arr(@Sphere)=6
d:arr(@Tag)=1
d:arr(@Tok)=14
d:arr(@UserId)=1
d:arr(@Val)=14
d:arr(@Value)=4
d:arr(@build__BuildErr)=1
d:arr(@build__Outcome)=1
d:arr(@build__Stat)=1
d:arr(@cell__Tok)=2
d:arr(@cell__Value)=1
d:arr(@diff__Edit)=2
d:arr(@diff__Hunk)=3
d:arr(@json__Json)=12
d:arr(@money__Account)=2
d:arr(@money__Cents)=1
d:arr(@pool__Handle)=2
d:arr(@sql__ColDef)=1
d:arr(@sql__Expr)=2
d:arr(@sql__Tok)=2
d:arr(@stage__Item$int)=1
d:arr(@stage__Item$string)=1
d:arr(@store__Col)=5
d:arr(@store__IdxEnt)=1
d:arr(@store__Index)=1
d:arr(@store__Table)=3
d:arr(@store__Val)=4
d:arr(@toml__Value)=8
d:arr(@wal__Rec)=2
d:arr(@zip__Entry)=1
d:arr(@zip__Meta)=5
d:arr(arr(@Edge))=1
d:arr(arr(@Value))=5
d:arr(arr(@store__Val))=6
d:arr(arr(bool))=2
d:arr(arr(int))=15
d:arr(arr(string))=25
d:arr(bool)=8
d:arr(char)=7
d:arr(f32)=4
d:arr(float)=25
d:arr(fun(int,int))=5
d:arr(fun(string,string))=1
d:arr(i16)=1
d:arr(i32)=1
d:arr(i64)=1
d:arr(i8)=4
d:arr(int)=547
d:arr(map(int,int))=3
d:arr(map(int,map(int,int)))=1
d:arr(map(string,@Bind))=2
d:arr(opt(@Point))=1
d:arr(opt(int))=4
d:arr(opt(string))=1
d:arr(res(void,string))=1
d:arr(string)=949
d:arr(tup(@Id,int))=1
d:arr(tup(int,int))=2
d:arr(tup(int,string))=1
d:arr(u16)=1
d:arr(u32)=43
d:arr(u64)=1
d:arr(u8)=4
d:bnd(1024,@Val)=1
d:bnd(2,@BD)=1
d:bnd(2,@FA)=1
d:bnd(2,@MP)=1
d:bnd(2,bnd(3,int))=1
d:bnd(2,bytes)=1
d:bnd(2,fix(2,int))=1
d:bnd(2,int)=2
d:bnd(2,map(string,int))=1
d:bnd(2,res(int,string))=2
d:bnd(2,string)=1
d:bnd(256,@Frame)=1
d:bnd(3,int)=3
d:bnd(3,opt(int))=2
d:bnd(3,tup(int,int))=1
d:bnd(4,@Pt)=2
d:bnd(4,int)=5
d:bnd(4,string)=1
d:bnd(4,u32)=1
d:bnd(4096,@Val)=1
d:bnd(8,int)=1
d:bool=566
d:bytes=206
d:chan(@Box$@Box$int)=1
d:chan(@Box$int)=3
d:chan(@Box$string)=1
d:chan(@Cmd)=1
d:chan(@Col)=1
d:chan(@Done)=1
d:chan(@Job)=1
d:chan(@Msg)=1
d:chan(@Res)=6
d:chan(@RootRes)=1
d:chan(@build__Job)=1
d:chan(@build__Outcome)=1
d:chan(@stage__Item$int)=7
d:chan(@stage__Item$string)=12
d:chan(int)=11
d:chan(res(@stage__Item$int,@stage__FlowErr))=2
d:chan(res(@stage__Item$string,@stage__FlowErr))=1
d:chan(string)=4
d:char=8
d:f32=2
d:fix(1,@BD)=1
d:fix(1,@FA)=1
d:fix(1,@MP)=1
d:fix(1,int)=1
d:fix(10,int)=2
d:fix(11,int)=1
d:fix(12,int)=1
d:fix(13,int)=1
d:fix(14,int)=1
d:fix(15,int)=1
d:fix(16,int)=1
d:fix(2,@Pt)=1
d:fix(2,float)=6
d:fix(2,int)=2
d:fix(2,map(string,int))=1
d:fix(2,string)=2
d:fix(2,tup(int,int))=1
d:fix(3,float)=3
d:fix(3,int)=25
d:fix(3,u32)=1
d:fix(4,float)=1
d:fix(4,int)=2
d:fix(5,int)=1
d:fix(6,int)=1
d:fix(7,int)=1
d:fix(8,int)=1
d:fix(9,int)=1
d:fix(?,@Meta)=1
d:fix(?,int)=2
d:float=220
d:fun(@PR,string,int)=6
d:fun(bool,int)=4
d:fun(int)=4
d:fun(int,arr(int))=1
d:fun(int,int)=24
d:fun(int,int,int)=2
d:fun(int,int,int,int,int,int,int,int,int)=1
d:fun(int,string)=2
d:fun(string)=1
d:fun(string,string)=3
d:fun(void,string)=1
d:i32=1
d:i8=1
d:int=7624
d:map(@Col,int)=1
d:map(@Color,int)=1
d:map(@Edge,int)=1
d:map(@Edge,string)=1
d:map(@Id,int)=2
d:map(@K,int)=1
d:map(@Person,int)=3
d:map(@Point,int)=1
d:map(@Slot,string)=1
d:map(@UserId,int)=2
d:map(@money__Account,@money__Cents)=1
d:map(@pool__Handle,bool)=1
d:map(arr(@Point),int)=1
d:map(arr(int),int)=2
d:map(arr(int),string)=1
d:map(arr(string),int)=1
d:map(int,@Name)=1
d:map(int,@Node)=1
d:map(int,@P)=2
d:map(int,@cell__Value)=1
d:map(int,@sheet__Rec)=1
d:map(int,arr(int))=4
d:map(int,arr(string))=1
d:map(int,bool)=2
d:map(int,float)=1
d:map(int,int)=21
d:map(int,map(int,int))=1
d:map(int,map(int,map(int,int)))=1
d:map(int,string)=4
d:map(string,@BD)=1
d:map(string,@Bind)=14
d:map(string,@FA)=1
d:map(string,@Json)=1
d:map(string,@MP)=1
d:map(string,@P)=4
d:map(string,@Row)=2
d:map(string,@Val)=2
d:map(string,@build__Stamp)=2
d:map(string,arr(bool))=2
d:map(string,arr(float))=1
d:map(string,arr(int))=9
d:map(string,bool)=1
d:map(string,float)=7
d:map(string,fun(float,float))=1
d:map(string,fun(int,int))=1
d:map(string,fun(string,string))=1
d:map(string,int)=58
d:map(string,map(string,int))=2
d:map(string,string)=17
d:map(tup(int,@Point),string)=1
d:map(tup(int,int),int)=1
d:map(tup(int,string),int)=3
d:map(tup(tup(int,int),int),bool)=1
d:opt(?)=4
d:opt(@P)=3
d:opt(@sql__Expr)=1
d:opt(arr(int))=8
d:opt(int)=10
d:opt(opt(arr(int)))=1
d:opt(opt(int))=5
d:opt(res(int,string))=1
d:opt(string)=9
d:ptr=78
d:res(@Expr,string)=1
d:res(@decimal__Decimal,@decimal__DivErr)=1
d:res(@httpd__Request,@httpd__ReqErr)=8
d:res(@json__Json,@json__JsonErr)=1
d:res(arr(?),@stage__FlowErr)=3
d:res(arr(int),string)=9
d:res(bool,@io__IoErr)=34
d:res(bytes,@compress__ZErr)=5
d:res(bytes,@io__IoErr)=23
d:res(float,string)=1
d:res(int,@io__IoErr)=7
d:res(int,@net__NetErr)=7
d:res(int,@strings__IntErr)=9
d:res(int,string)=12
d:res(opt(int),string)=1
d:res(void,@io__IoErr)=11
d:res(void,string)=2
d:soa(@Box$int)=1
d:soa(@Box$string)=2
d:soa(@E)=1
d:soa(@Ins)=2
d:soa(@P)=3
d:soa(@Particle)=8
d:string=1831
d:task=54
d:tup(@FA,@MP,@BD)=1
d:tup(@Id,int)=1
d:tup(arr(int),arr(int))=1
d:tup(arr(int),int)=2
d:tup(int,int)=11
d:tup(int,int,int)=1
d:tup(int,int,int,int,int,int,int,int)=1
d:tup(int,string)=1
d:tup(res(int,@Local),string)=1
d:tup(string,arr(int))=2
d:tup(string,int)=1
d:u32=129
d:u64=4
d:u8=4
f:?=137
f:@BD=1
f:@Box$@Point=1
f:@Box$int=2
f:@Cell$int=1
f:@Color=1
f:@Expr=4
f:@FA=1
f:@Grid=7
f:@Kind=1
f:@MP=1
f:@Meters=1
f:@Name=1
f:@Pc=2
f:@Person=3
f:@Point=9
f:@Span=2
f:@TKind=26
f:@UserId=1
f:@Val=5
f:@Vec3=23
f:@bignum__Big=81
f:@buf__Cursor=59
f:@buf__Op=4
f:@build__Stat=3
f:@cell__Ast=1
f:@cell__Value=6
f:@plan__Access=2
f:@sql__Expr=1
f:@sql__Ty=2
f:@store__Db=2
f:@store__Ty=2
f:@store__Val=3
f:@wal__Log=2
f:arr(?)=2
f:arr(@Clause)=6
f:arr(@Ins)=54
f:arr(@Item)=10
f:arr(@Node)=25
f:arr(@OrdKey)=6
f:arr(@TrieNode)=12
f:arr(@buf__Edit)=14
f:arr(@build__BuildErr)=2
f:arr(@cell__Node)=8
f:arr(@cell__Tok)=1
f:arr(@graph__Node)=35
f:arr(@store__Col)=6
f:arr(@store__IdxEnt)=12
f:arr(@store__Index)=11
f:arr(@store__Table)=16
f:arr(@wal__Rec)=3
f:arr(@world__Slot)=16
f:arr(arr(@Value))=2
f:arr(arr(@store__Val))=14
f:arr(arr(int))=5
f:arr(bool)=8
f:arr(float)=9
f:arr(int)=422
f:arr(string)=534
f:arr(u32)=24
f:bnd(2,bnd(3,int))=2
f:bnd(2,bytes)=2
f:bnd(2,fix(2,int))=2
f:bnd(2,map(string,int))=2
f:bnd(3,int)=2
f:bnd(3,tup(int,int))=2
f:bnd(4,@Pt)=7
f:bnd(4,int)=24
f:bnd(4,string)=3
f:bool=97
f:bytes=103
f:fix(10,int)=87
f:fix(2,@Pt)=4
f:fix(2,int)=85
f:fix(2,map(string,int))=1
f:fix(2,tup(int,int))=1
f:fix(3,float)=1
f:fix(64,int)=12
f:fix(8,int)=2
f:fix(9,string)=122
f:float=130
f:int=1808
f:map(int,@Node)=34
f:map(int,@TTEntry)=3
f:map(int,@Trie)=10
f:map(int,@cell__Value)=3
f:map(int,@sheet__Rec)=15
f:map(int,bool)=2
f:map(int,int)=12
f:map(string,@Bind)=30
f:map(string,@Val)=14
f:map(string,bool)=2
f:map(string,int)=30
f:opt(@Expr)=3
f:opt(@Point)=1
f:opt(@sql__Expr)=2
f:opt(arr(@Tree))=1
f:opt(int)=4
f:ptr=31
f:res(void,string)=1
f:soa(@Ins)=15
f:soa(@Particle)=3
f:soa(@world__Ent)=17
f:string=396
f:tup(@Id,int)=2
f:tup(int,int)=2
f:tup(int,string)=2
i:?=3
i:@Id=3
i:@Opt$int=1
i:@Value=1
i:@diff__Edit=1
i:@diff__Hunk=1
i:@money__Account=1
i:@pool__Handle=1
i:@store__Col=2
i:@store__Table=1
i:@store__Val=2
i:@toml__Value=1
i:@wal__Rec=2
i:@zip__Entry=2
i:@zip__Meta=3
i:arr(@store__Val)=1
i:arr(int)=1
i:arr(string)=2
i:bool=1
i:int=32
i:res(void,string)=1
i:string=97
i:tup(@Id,int)=1
m:@bignum__Big=34
m:arr(@money__Account)=1
m:arr(@money__Cents)=1
m:arr(int)=15
m:bool=15
m:float=14
m:int=98
m:opt(int)=2
m:opt(string)=2
m:res(@httpd__Request,@httpd__ReqErr)=6
m:res(arr(int),@Local)=2
m:res(int,@Local)=4
m:string=69
o:?=184
o:@Meters=3
o:@Pc=1
o:@money__Cents=1
o:arr(@Count)=9
o:arr(@Meters)=11
o:arr(char)=8
o:arr(f32)=13
o:arr(float)=15
o:arr(i8)=8
o:arr(int)=37
o:arr(u8)=16
o:bool=21436
o:bytes=66
o:char=21
o:fix(2,float)=3
o:fix(3,int)=13
o:float=452
o:i16=1
o:i32=3
o:i64=2
o:i8=2
o:int=12064
o:string=8070
o:u32=527
o:u64=5
o:u8=7
p:?=302
p:@Asset=1
p:@BD=2
p:@Bag=1
p:@Bind=6
p:@Board=24
p:@Box$int=2
p:@Box=7
p:@Color=2
p:@Config=5
p:@Ctx=51
p:@Emit=50
p:@Env=1
p:@Expr=25
p:@FA=2
p:@Fetch=1
p:@FnInfo=4
p:@Game=13
p:@Grid=7
p:@Id=4
p:@Ids=2
p:@IntBox=1
p:@Item=1
p:@J=1
p:@Job=8
p:@Json=33
p:@LL$int=1
p:@Local=1
p:@MP=2
p:@Manifest=1
p:@Member=1
p:@Meters=3
p:@Move=3
p:@Node=31
p:@Odd=1
p:@OrdKey=1
p:@P=1
p:@PST=9
p:@Page=1
p:@Pc=4
p:@Person=4
p:@Point=1
p:@Program=5
p:@Pt=2
p:@Query=7
p:@Ray=2
p:@Rect=1
p:@Res=1
p:@Row=3
p:@Rule=1
p:@Seconds=1
p:@Sess=8
p:@Shape=4
p:@Solver=19
p:@Sphere=4
p:@Stats=1
p:@Store=17
p:@TT=3
p:@Tables=11
p:@Tok=7
p:@Tree$int=5
p:@Tree$string=1
p:@Tree=13
p:@Trie=6
p:@UserId=1
p:@Val=79
p:@Value=21
p:@Vec3=54
p:@Vec=7
p:@Zob=5
p:@bignum__Big=134
p:@buf__Buf=39
p:@buf__BufErr=1
p:@buf__Cursor=1
p:@buf__Op=3
p:@build__BuildErr=1
p:@build__Job=1
p:@cell__Ast=5
p:@cell__CellErr=3
p:@cell__Env=6
p:@cell__Node=1
p:@cell__P=9
p:@cell__ParseErr=1
p:@cell__Tok=2
p:@cell__Value=9
p:@cli__Cli=189
p:@datetime__DateTime=25
p:@decimal__DecErr=3
p:@decimal__Decimal=45
p:@diff__Edit=2
p:@doc__Doc=4
p:@exec__ExecErr=1
p:@exec__Outcome=2
p:@exec__Rows=1
p:@graph__Graph=24
p:@graph__MakeErr=1
p:@httpd__Request=17
p:@httpd__Response=32
p:@image__Image=3
p:@image__ImgErr=2
p:@io__IoErr=1
p:@json__Json=68
p:@json__JsonErr=19
p:@log__Logger=11
p:@money__Account=1
p:@money__Cents=4
p:@money__Rate=1
p:@net__NetErr=7
p:@plan__Plan=2
p:@plan__PlanErr=1
p:@pool__Handle=4
p:@raster__Image=10
p:@sha256__State=24
p:@sheet__Sheet=10
p:@sql__Expr=10
p:@sql__SqlErr=1
p:@sql__Stmt=6
p:@sql__Ty=1
p:@sqlite__Db=20
p:@srv__SrvErr=1
p:@stage__FlowErr=2
p:@store__Col=1
p:@store__Db=23
p:@store__Index=2
p:@store__StoreErr=1
p:@store__Table=1
p:@store__Ty=1
p:@store__Val=10
p:@sys__Cfg=3
p:@sys__Rng=6
p:@sys__Tally=1
p:@testing__T=4
p:@toml__Value=14
p:@wal__Log=9
p:@wal__Rec=3
p:@wal__WalErr=1
p:@world__Id=5
p:@world__SimErr=1
p:@world__World=20
p:@zip__Meta=2
p:arr(@CallPatch)=26
p:arr(@Cell)=2
p:arr(@Env)=12
p:arr(@FnCode)=24
p:arr(@FnInfo)=36
p:arr(@Ins)=4
p:arr(@Job)=3
p:arr(@Label)=1
p:arr(@Move)=2
p:arr(@Node)=5
p:arr(@P)=4
p:arr(@Posting)=7
p:arr(@Res)=3
p:arr(@Rule)=3
p:arr(@Sphere)=5
p:arr(@Tok)=26
p:arr(@Val)=14
p:arr(@Value)=2
p:arr(@build__Outcome)=1
p:arr(@build__Stat)=2
p:arr(@cell__Value)=1
p:arr(@diff__Edit)=2
p:arr(@diff__Hunk)=1
p:arr(@sql__ColDef)=1
p:arr(@sql__Expr)=3
p:arr(@sql__Tok)=13
p:arr(@store__Col)=6
p:arr(@store__Val)=3
p:arr(@zip__Entry)=2
p:arr(arr(@Edge))=1
p:arr(arr(@Value))=1
p:arr(arr(@store__Val))=1
p:arr(arr(string))=16
p:arr(bool)=3
p:arr(float)=4
p:arr(int)=180
p:arr(map(string,@Bind))=18
p:arr(opt(int))=1
p:arr(string)=501
p:arr(tup(int,int))=3
p:arr(u32)=16
p:bnd(1024,@Val)=2
p:bnd(2,bnd(3,int))=1
p:bnd(3,tup(int,int))=1
p:bnd(4,@Pt)=1
p:bnd(4,int)=1
p:bool=137
p:bytes=239
p:chan(@Cmd)=6
p:chan(@Done)=1
p:chan(@Job)=1
p:chan(@Res)=35
p:chan(@build__Job)=1
p:chan(@build__Outcome)=1
p:chan(int)=6
p:chan(string)=4
p:fix(2,@Pt)=1
p:fix(3,float)=2
p:float=66
p:fun(@PR,string,int)=15
p:fun(bool,int)=2
p:fun(int)=1
p:fun(int,int)=11
p:fun(int,int,int)=2
p:fun(res(int,string),int)=1
p:fun(string)=1
p:fun(string,string)=3
p:fun(string,string,string)=1
p:int=2511
p:map(int,@P)=1
p:map(int,bool)=1
p:map(int,int)=3
p:map(string,@Row)=1
p:map(string,@Val)=2
p:map(string,@build__Stamp)=4
p:map(string,arr(int))=2
p:map(string,float)=4
p:map(string,int)=23
p:map(string,string)=3
p:opt(@Expr)=1
p:opt(@P)=1
p:opt(@toml__Value)=4
p:opt(arr(int))=1
p:opt(int)=10
p:opt(string)=1
p:ptr=138
p:res(@decimal__Decimal,@decimal__DivErr)=2
p:res(@httpd__Request,@httpd__ReqErr)=2
p:res(@json__Json,@json__JsonErr)=2
p:res(arr(int),string)=1
p:res(bool,@io__IoErr)=2
p:res(bytes,@compress__ZErr)=3
p:res(bytes,@io__IoErr)=4
p:res(bytes,@net__NetErr)=2
p:res(int,@Local)=1
p:res(int,@Why)=1
p:res(int,@io__IoErr)=1
p:res(int,@net__NetErr)=3
p:res(int,string)=5
p:res(string,@io__IoErr)=1
p:res(void,@io__IoErr)=1
p:res(void,string)=1
p:soa(@Particle)=2
p:string=3852
p:tup(int,int)=1
p:tup(string,string)=1
p:u32=98
r:@Asset=1
r:@BD=1
r:@Bind=6
r:@Board=3
r:@Box$int=1
r:@Box$string=1
r:@Box=3
r:@Config=1
r:@Env=1
r:@Expr=6
r:@FA=1
r:@Game=2
r:@Grid=2
r:@Json=12
r:@Key=1
r:@MP=1
r:@Member=1
r:@Meta=1
r:@Meters=1
r:@Node=6
r:@PErr=1
r:@PR=6
r:@PST=1
r:@Page=1
r:@Person=1
r:@Point=1
r:@Program=4
r:@RErr=1
r:@Rec=1
r:@Res=3
r:@Rng=1
r:@Route=1
r:@Solver=1
r:@Step=1
r:@Store=2
r:@Tables=1
r:@Tok=2
r:@Tree$int=1
r:@Tree=10
r:@Val=22
r:@Value=1
r:@Vec3=20
r:@Vec=2
r:@Verdict=8
r:@Wrap=1
r:@Wrapped=1
r:@Zob=1
r:@bignum__Big=74
r:@buf__Buf=3
r:@build__Job=1
r:@build__Outcome=1
r:@build__Stat=1
r:@cell__Ast=1
r:@cell__Env=1
r:@cell__Node=1
r:@cell__Tok=1
r:@cell__Value=13
r:@cli__Cli=81
r:@compress__ZErr=5
r:@datetime__DateTime=50
r:@decimal__Decimal=29
r:@doc__Doc=4
r:@httpd__ReqErr=5
r:@httpd__Request=6
r:@httpd__Response=38
r:@image__Image=2
r:@image__ImgErr=2
r:@json__Json=42
r:@json__JsonErr=6
r:@log__Logger=2
r:@money__Account=1
r:@money__Cents=4
r:@money__Rate=1
r:@os__Output=14
r:@plan__Folded=1
r:@pool__Handle=2
r:@raster__Image=12
r:@sha256__State=8
r:@sheet__Sheet=1
r:@sys__Cfg=1
r:@testing__T=2
r:@toml__Value=6
r:@world__Id=2
r:@world__World=1
r:arr(@Entry)=1
r:arr(@Ins)=4
r:arr(@Job)=1
r:arr(@Move)=2
r:arr(@P)=3
r:arr(@Person)=1
r:arr(@Res)=4
r:arr(@Sphere)=2
r:arr(@Tok)=4
r:arr(@Val)=2
r:arr(@diff__Edit)=1
r:arr(@diff__Hunk)=2
r:arr(@store__Index)=1
r:arr(@zip__Meta)=2
r:arr(arr(int))=2
r:arr(arr(string))=11
r:arr(float)=3
r:arr(fun(int,int))=1
r:arr(int)=103
r:arr(string)=321
r:arr(u32)=28
r:bnd(2,res(int,string))=1
r:bnd(3,opt(int))=1
r:bnd(4,@Pt)=1
r:bnd(4,int)=1
r:bnd(8,int)=1
r:bool=852
r:bytes=61
r:fix(2,@Pt)=1
r:fix(?,@Meta)=1
r:fix(?,int)=1
r:float=44
r:fun(@PR,string,int)=6
r:fun(int,int)=4
r:fun(string,string)=1
r:int=1010
r:map(int,int)=1
r:map(string,@Bind)=4
r:map(string,@Row)=1
r:map(string,int)=1
r:map(string,string)=2
r:opt(@Expr)=1
r:opt(@plan__EqKey)=1
r:opt(@sql__Expr)=1
r:opt(@toml__Value)=2
r:opt(int)=15
r:opt(opt(int))=1
r:opt(string)=37
r:opt(tup(string,int))=1
r:ptr=62
r:res(@Expr,@PErr)=7
r:res(@Expr,string)=4
r:res(@Item,@PErr)=1
r:res(@Manifest,string)=1
r:res(@OrdKey,@PErr)=1
r:res(@OrdKey,@RErr)=1
r:res(@Pair,@Local)=1
r:res(@Query,@PErr)=1
r:res(@Table,@RErr)=3
r:res(@Tok,@PErr)=2
r:res(@Value,@RErr)=4
r:res(@cell__Ast,@cell__ParseErr)=1
r:res(@cli__Cli,@cli__CliErr)=27
r:res(@decimal__Decimal,@decimal__DecErr)=3
r:res(@decimal__Decimal,@decimal__DivErr)=3
r:res(@exec__Outcome,@exec__ExecErr)=5
r:res(@graph__Graph,@graph__MakeErr)=1
r:res(@httpd__Request,@httpd__ReqErr)=10
r:res(@image__Image,@image__ImgErr)=2
r:res(@json__Json,@RErr)=1
r:res(@json__Json,@json__JsonErr)=6
r:res(@plan__Plan,@exec__ExecErr)=1
r:res(@plan__Plan,@plan__PlanErr)=1
r:res(@sql__Expr,@sql__SqlErr)=3
r:res(@sql__Stmt,@sql__SqlErr)=5
r:res(@sqlite__Db,string)=2
r:res(@srv__Bound,@srv__SrvErr)=1
r:res(@store__Col,@store__StoreErr)=1
r:res(@store__Db,@store__StoreErr)=2
r:res(@store__Val,@exec__ExecErr)=2
r:res(@store__Val,@store__StoreErr)=1
r:res(@sys__Tally,string)=1
r:res(@toml__Value,string)=10
r:res(@wal__Rec,@store__StoreErr)=1
r:res(@wal__Scan,@wal__WalErr)=1
r:res(@wal__Session,@wal__WalErr)=1
r:res(@world__Ent,@world__SimErr)=1
r:res(arr(@Rule),string)=1
r:res(arr(@Tok),@PErr)=1
r:res(arr(@cell__Tok),@cell__ParseErr)=1
r:res(arr(@sql__Tok),@sql__SqlErr)=1
r:res(arr(@store__Col),@store__StoreErr)=1
r:res(arr(arr(@store__Val)),@exec__ExecErr)=1
r:res(arr(arr(@store__Val)),@store__StoreErr)=2
r:res(arr(arr(string)),@RErr)=1
r:res(arr(arr(string)),string)=5
r:res(arr(int),@graph__MakeErr)=1
r:res(arr(int),string)=5
r:res(arr(string),@RErr)=1
r:res(arr(string),@build__BuildErr)=1
r:res(arr(string),@srv__SrvErr)=2
r:res(arr(string),@store__StoreErr)=1
r:res(bool,@Odd)=1
r:res(bool,@RErr)=2
r:res(bool,@exec__ExecErr)=1
r:res(bool,@io__IoErr)=136
r:res(bool,@srv__SrvErr)=1
r:res(bool,@store__StoreErr)=3
r:res(bool,@wal__WalErr)=3
r:res(bytes,@compress__ZErr)=10
r:res(bytes,@image__ImgErr)=2
r:res(bytes,@io__IoErr)=68
r:res(bytes,@net__NetErr)=9
r:res(bytes,@strings__SliceErr)=48
r:res(float,@cell__CellErr)=2
r:res(float,@strings__FloatErr)=48
r:res(float,string)=2
r:res(int,@Local)=2
r:res(int,@Odd)=1
r:res(int,@PErr)=1
r:res(int,@RErr)=2
r:res(int,@Wrapped)=1
r:res(int,@buf__BufErr)=2
r:res(int,@cell__ParseErr)=7
r:res(int,@exec__ExecErr)=1
r:res(int,@io__IoErr)=69
r:res(int,@net__NetErr)=62
r:res(int,@srv__SrvErr)=3
r:res(int,@store__StoreErr)=2
r:res(int,@strings__IntErr)=48
r:res(int,@wal__WalErr)=1
r:res(int,@world__SimErr)=2
r:res(int,string)=23
r:res(map(string,@build__Stamp),@build__BuildErr)=1
r:res(opt(string),@srv__SrvErr)=1
r:res(ptr,string)=2
r:res(res(void,string),string)=1
r:res(string,@Local)=1
r:res(string,@PErr)=1
r:res(string,@RErr)=1
r:res(string,@io__IoErr)=34
r:res(string,@net__NetErr)=9
r:res(string,@sql__SqlErr)=1
r:res(string,@store__StoreErr)=1
r:res(string,@strings__SliceErr)=48
r:res(string,string)=2
r:res(tup(int,int),string)=1
r:res(void,@Fault)=1
r:res(void,@Local)=1
r:res(void,@buf__BufErr)=19
r:res(void,@io__IoErr)=137
r:res(void,@sql__SqlErr)=2
r:res(void,@srv__SrvErr)=1
r:res(void,@stage__FlowErr)=2
r:res(void,@store__StoreErr)=1
r:res(void,@strings__SliceErr)=48
r:res(void,@world__SimErr)=1
r:res(void,string)=21
r:soa(@Box$string)=1
r:soa(@Particle)=2
r:string=1304
r:tup(@bignum__Big,@bignum__Big)=6
r:tup(arr(@money__Account),arr(@money__Cents))=1
r:tup(arr(int),arr(int))=6
r:tup(arr(int),int)=1
r:tup(bool,int,int)=1
r:tup(bool,opt(int),opt(string))=1
r:tup(float,float)=4
r:tup(float,int)=1
r:tup(int,arr(int))=1
r:tup(int,bool)=10
r:tup(int,float)=1
r:tup(int,int)=13
r:tup(int,int,int)=8
r:tup(int,int,int,int,int,int,int,int)=1
r:tup(res(@httpd__Request,@httpd__ReqErr),string)=10
r:tup(res(arr(int),@Local),string)=1
r:tup(res(int,@Local),string)=2
r:tup(string,arr(int))=1
r:tup(string,int)=2
r:tup(string,string)=61
r:u32=66
r:void=865
targ:?=118
targ:@Box$int=1
targ:@Node=4
targ:@Point=1
targ:@Pt=3
targ:arr(int)=3
targ:int=61
targ:string=36
targ:tup(int,string)=3
x:?=3
x:@BD=4
x:@Bag=5
x:@Box=8
x:@CallPatch=2
x:@Cell=6
x:@Clause=3
x:@Color=2
x:@E=16
x:@Edge=1
x:@Entry=4
x:@Env=18
x:@FA=4
x:@FnCode=14
x:@FnInfo=26
x:@Frame=3
x:@Id=3
x:@Ins=46
x:@Item=5
x:@Job=5
x:@Json=8
x:@Label=2
x:@MP=5
x:@Meters=1
x:@Move=22
x:@Named=2
x:@Node=25
x:@OrdKey=6
x:@P=37
x:@Particle=28
x:@Patch=1
x:@Person=8
x:@Point=15
x:@Posting=40
x:@Pt=14
x:@Res=11
x:@RootRes=9
x:@Row=4
x:@Rule=15
x:@Sphere=10
x:@Tag=1
x:@Tok=29
x:@Tree=1
x:@TrieNode=8
x:@UserId=1
x:@Val=97
x:@Value=4
x:@buf__Edit=1
x:@build__BuildErr=1
x:@build__Outcome=4
x:@build__Stat=4
x:@cell__Node=4
x:@cell__Tok=1
x:@cell__Value=5
x:@diff__Edit=4
x:@graph__Node=27
x:@json__Json=24
x:@money__Account=1
x:@money__Cents=2
x:@sql__ColDef=6
x:@sql__Expr=5
x:@sql__Tok=5
x:@store__Col=7
x:@store__IdxEnt=5
x:@store__Index=8
x:@store__Table=11
x:@store__Val=7
x:@toml__Value=14
x:@world__Ent=9
x:@world__Slot=11
x:@zip__Entry=5
x:@zip__Meta=7
x:arr(@Edge)=3
x:arr(@Value)=6
x:arr(@store__Val)=8
x:arr(bool)=4
x:arr(int)=27
x:arr(string)=35
x:bnd(3,int)=3
x:bool=24
x:bytes=2
x:char=7
x:f32=2
x:fix(2,int)=2
x:float=35
x:fun(int,int)=2
x:i16=1
x:i32=4
x:i64=1
x:i8=2
x:int=917
x:map(int,int)=14
x:map(int,map(int,int))=6
x:map(string,@Bind)=20
x:map(string,int)=5
x:opt(@Point)=1
x:opt(int)=3
x:string=1269
x:tup(int,int)=17
x:tup(int,string)=2
x:u16=1
x:u32=195
x:u64=1
x:u8=2
